Archive member included to satisfy reference by file (symbol)

c:/nxp/mcuxpressoide_11.9.0_2144/ide/plugins/com.nxp.mcuxpresso.tools.win32_11.9.0.202307121226/tools/bin/../lib/gcc/arm-none-eabi/12.3.1/thumb/v8-m.main/nofp\libgcc.a(_arm_mulsf3.o)
                              ./drivers/fsl_clock.o (__aeabi_fmul)
c:/nxp/mcuxpressoide_11.9.0_2144/ide/plugins/com.nxp.mcuxpresso.tools.win32_11.9.0.202307121226/tools/bin/../lib/gcc/arm-none-eabi/12.3.1/thumb/v8-m.main/nofp\libgcc.a(_arm_addsubsf3.o)
                              ./drivers/fsl_clock.o (__aeabi_fadd)
c:/nxp/mcuxpressoide_11.9.0_2144/ide/plugins/com.nxp.mcuxpresso.tools.win32_11.9.0.202307121226/tools/bin/../lib/gcc/arm-none-eabi/12.3.1/thumb/v8-m.main/nofp\libgcc.a(_arm_muldivsf3.o)
                              ./drivers/fsl_clock.o (__aeabi_fdiv)
c:/nxp/mcuxpressoide_11.9.0_2144/ide/plugins/com.nxp.mcuxpresso.tools.win32_11.9.0.202307121226/tools/bin/../lib/gcc/arm-none-eabi/12.3.1/thumb/v8-m.main/nofp\libgcc.a(_arm_fixunssfsi.o)
                              ./drivers/fsl_clock.o (__aeabi_f2uiz)
c:/nxp/mcuxpressoide_11.9.0_2144/ide/plugins/com.nxp.mcuxpresso.tools.win32_11.9.0.202307121226/tools/bin/../lib/gcc/arm-none-eabi/12.3.1/thumb/v8-m.main/nofp\libgcc.a(_aeabi_uldivmod.o)
                              ./drivers/fsl_clock.o (__aeabi_uldivmod)
c:/nxp/mcuxpressoide_11.9.0_2144/ide/plugins/com.nxp.mcuxpresso.tools.win32_11.9.0.202307121226/tools/bin/../lib/gcc/arm-none-eabi/12.3.1/thumb/v8-m.main/nofp\libgcc.a(_fixunssfdi.o)
                              ./drivers/fsl_clock.o (__aeabi_f2ulz)
c:/nxp/mcuxpressoide_11.9.0_2144/ide/plugins/com.nxp.mcuxpresso.tools.win32_11.9.0.202307121226/tools/bin/../lib/gcc/arm-none-eabi/12.3.1/thumb/v8-m.main/nofp\libgcc.a(_udivmoddi4.o)
                              c:/nxp/mcuxpressoide_11.9.0_2144/ide/plugins/com.nxp.mcuxpresso.tools.win32_11.9.0.202307121226/tools/bin/../lib/gcc/arm-none-eabi/12.3.1/thumb/v8-m.main/nofp\libgcc.a(_aeabi_uldivmod.o) (__udivmoddi4)
c:/nxp/mcuxpressoide_11.9.0_2144/ide/plugins/com.nxp.mcuxpresso.tools.win32_11.9.0.202307121226/tools/bin/../lib/gcc/arm-none-eabi/12.3.1/thumb/v8-m.main/nofp\libgcc.a(_arm_muldf3.o)
                              c:/nxp/mcuxpressoide_11.9.0_2144/ide/plugins/com.nxp.mcuxpresso.tools.win32_11.9.0.202307121226/tools/bin/../lib/gcc/arm-none-eabi/12.3.1/thumb/v8-m.main/nofp\libgcc.a(_fixunssfdi.o) (__aeabi_dmul)
c:/nxp/mcuxpressoide_11.9.0_2144/ide/plugins/com.nxp.mcuxpresso.tools.win32_11.9.0.202307121226/tools/bin/../lib/gcc/arm-none-eabi/12.3.1/thumb/v8-m.main/nofp\libgcc.a(_dvmd_tls.o)
                              c:/nxp/mcuxpressoide_11.9.0_2144/ide/plugins/com.nxp.mcuxpresso.tools.win32_11.9.0.202307121226/tools/bin/../lib/gcc/arm-none-eabi/12.3.1/thumb/v8-m.main/nofp\libgcc.a(_aeabi_uldivmod.o) (__aeabi_ldiv0)
c:/nxp/mcuxpressoide_11.9.0_2144/ide/plugins/com.nxp.mcuxpresso.tools.win32_11.9.0.202307121226/tools/bin/../lib/gcc/arm-none-eabi/12.3.1/thumb/v8-m.main/nofp\libgcc.a(_arm_addsubdf3.o)
                              c:/nxp/mcuxpressoide_11.9.0_2144/ide/plugins/com.nxp.mcuxpresso.tools.win32_11.9.0.202307121226/tools/bin/../lib/gcc/arm-none-eabi/12.3.1/thumb/v8-m.main/nofp\libgcc.a(_fixunssfdi.o) (__aeabi_dsub)
c:/nxp/mcuxpressoide_11.9.0_2144/ide/plugins/com.nxp.mcuxpresso.tools.win32_11.9.0.202307121226/tools/bin/../lib/gcc/arm-none-eabi/12.3.1/thumb/v8-m.main/nofp\libgcc.a(_arm_fixunsdfsi.o)
                              c:/nxp/mcuxpressoide_11.9.0_2144/ide/plugins/com.nxp.mcuxpresso.tools.win32_11.9.0.202307121226/tools/bin/../lib/gcc/arm-none-eabi/12.3.1/thumb/v8-m.main/nofp\libgcc.a(_fixunssfdi.o) (__aeabi_d2uiz)
c:/nxp/mcuxpressoide_11.9.0_2144/ide/plugins/com.nxp.mcuxpresso.tools.win32_11.9.0.202307121226/tools/bin/../lib/gcc/arm-none-eabi/12.3.1/thumb/v8-m.main/nofp\libc.a(libc_a-malloc.o)
                              ./source/main_core1.o (malloc)
c:/nxp/mcuxpressoide_11.9.0_2144/ide/plugins/com.nxp.mcuxpresso.tools.win32_11.9.0.202307121226/tools/bin/../lib/gcc/arm-none-eabi/12.3.1/thumb/v8-m.main/nofp\libc.a(libc_a-mallocr.o)
                              c:/nxp/mcuxpressoide_11.9.0_2144/ide/plugins/com.nxp.mcuxpresso.tools.win32_11.9.0.202307121226/tools/bin/../lib/gcc/arm-none-eabi/12.3.1/thumb/v8-m.main/nofp\libc.a(libc_a-malloc.o) (_malloc_r)
c:/nxp/mcuxpressoide_11.9.0_2144/ide/plugins/com.nxp.mcuxpresso.tools.win32_11.9.0.202307121226/tools/bin/../lib/gcc/arm-none-eabi/12.3.1/thumb/v8-m.main/nofp\libc.a(libc_a-mlock.o)
                              c:/nxp/mcuxpressoide_11.9.0_2144/ide/plugins/com.nxp.mcuxpresso.tools.win32_11.9.0.202307121226/tools/bin/../lib/gcc/arm-none-eabi/12.3.1/thumb/v8-m.main/nofp\libc.a(libc_a-mallocr.o) (__malloc_lock)
c:/nxp/mcuxpressoide_11.9.0_2144/ide/plugins/com.nxp.mcuxpresso.tools.win32_11.9.0.202307121226/tools/bin/../lib/gcc/arm-none-eabi/12.3.1/thumb/v8-m.main/nofp\libc.a(libc_a-strtoul.o)
                              ./utilities/fsl_str.o (strtoul)
[...]
Memory Configuration

Name             Origin             Length             Attributes
SRAM             0x20030000         0x0000c000         xrw
shmem            0x2003c000         0x00004000         xrw
SRAMX            0x04000000         0x00008000         xrw
USB_RAM          0x40100000         0x00004000         xrw
SRAM4            0x20040000         0x00004000         xrw
*default*        0x00000000         0xffffffff

Linker script and memory map

LOAD ./utilities/fsl_assert.o
LOAD ./utilities/fsl_debug_console.o
LOAD ./utilities/fsl_str.o
LOAD ./startup/boot_multicore_slave.o
LOAD ./startup/startup_lpc55s69_cm33_core1.o
LOAD ./source/main_core1.o
LOAD ./source/semihost_hardfault.o
LOAD ./lcd/fonts/fixed12.o
LOAD ./lcd/fonts/fixed16.o
LOAD ./lcd/fonts/fixed20.o
LOAD ./lcd/fonts/fixed24.o
LOAD ./lcd/fonts/fixed8.o
LOAD ./lcd/fsl_ili9341.o
LOAD ./lcd/lcd.o
LOAD ./lcd/lcd_dpy.o
LOAD ./lcd/lcd_private.o
LOAD ./lcd/lcd_ts.o
LOAD ./drivers/fsl_clock.o
LOAD ./drivers/fsl_common.o
LOAD ./drivers/fsl_common_arm.o
LOAD ./drivers/fsl_ctimer.o
LOAD ./drivers/fsl_flexcomm.o
LOAD ./drivers/fsl_gpio.o
LOAD ./drivers/fsl_i2c.o
LOAD ./drivers/fsl_power.o
LOAD ./drivers/fsl_reset.o
LOAD ./drivers/fsl_spi.o
LOAD ./drivers/fsl_usart.o
LOAD ./device/system_LPC55S69_cm33_core1.o
LOAD ./component/uart/fsl_adapter_usart.o
LOAD ./component/serial_manager/fsl_component_serial_manager.o
LOAD ./component/serial_manager/fsl_component_serial_port_uart.o
LOAD ./component/lists/fsl_component_generic_list.o
LOAD ./board/board.o
LOAD ./board/clock_config.o
LOAD ./board/peripherals.o
LOAD ./board/pin_mux.o
START GROUP
LOAD c:/nxp/mcuxpressoide_11.9.0_2144/ide/plugins/com.nxp.mcuxpresso.tools.win32_11.9.0.202307121226/tools/bin/../lib/gcc/arm-none-eabi/12.3.1/thumb/v8-m.main/nofp\libgcc.a
LOAD c:/nxp/mcuxpressoide_11.9.0_2144/ide/plugins/com.nxp.mcuxpresso.tools.win32_11.9.0.202307121226/tools/bin/../lib/gcc/arm-none-eabi/12.3.1/thumb/v8-m.main/nofp\libc.a
LOAD c:/nxp/mcuxpressoide_11.9.0_2144/ide/plugins/com.nxp.mcuxpresso.tools.win32_11.9.0.202307121226/tools/bin/../lib/gcc/arm-none-eabi/12.3.1/thumb/v8-m.main/nofp\libm.a
LOAD c:/nxp/mcuxpressoide_11.9.0_2144/ide/plugins/com.nxp.mcuxpresso.tools.win32_11.9.0.202307121226/tools/bin/../lib/gcc/arm-none-eabi/12.3.1/../../../../arm-none-eabi/lib/thumb/v8-m.main/nofp\libcr_newlib_nohost.a
END GROUP
                0x20030000                        __base_SRAM = 0x20030000
                0x20030000                        __base_RAM = 0x20030000
                0x2003c000                        __top_SRAM = 0x2003c000
                0x2003c000                        __top_RAM = 0x2003c000
                0x2003c000                        __base_shmem = 0x2003c000
                0x2003c000                        __base_RAM2 = 0x2003c000
                0x20040000                        __top_shmem = 0x20040000
                0x20040000                        __top_RAM2 = 0x20040000
                0x04000000                        __base_SRAMX = 0x4000000
                0x04000000                        __base_RAM3 = 0x4000000
                0x04008000                        __top_SRAMX = 0x4008000
                0x04008000                        __top_RAM3 = 0x4008000
                0x40100000                        __base_USB_RAM = 0x40100000
                0x40100000                        __base_RAM4 = 0x40100000
                0x40104000                        __top_USB_RAM = 0x40104000
                0x40104000                        __top_RAM4 = 0x40104000
                0x20040000                        __base_SRAM4 = 0x20040000
                0x20040000                        __base_RAM5 = 0x20040000
                0x20044000                        __top_SRAM4 = 0x20044000
                0x20044000                        __top_RAM5 = 0x20044000

.text           0x20030000     0x5440
 FILL mask 0xff
                0x20030000                        __vectors_start__ = ABSOLUTE (.)
 *(SORT_BY_ALIGNMENT(.isr_vector))
 .isr_vector    0x20030000      0x130 ./startup/startup_lpc55s69_cm33_core1.o
                0x20030000                g_pfnVectors
                0x20030000                __Vectors
                0x20030130                        . = ALIGN (0x4)
                0x20030130                        __section_table_start = .
                0x20030130                        __data_section_table = .
                0x20030130        0x4 LONG 0x20035448 LOADADDR (.data)
                0x20030134        0x4 LONG 0x20035448 ADDR (.data)
                0x20030138        0x4 LONG 0x570 SIZEOF (.data)
                0x2003013c        0x4 LONG 0x20035448 LOADADDR (.data_RAM2)
                0x20030140        0x4 LONG 0x2003c000 ADDR (.data_RAM2)
                0x20030144        0x4 LONG 0x0 SIZEOF (.data_RAM2)
                0x20030148        0x4 LONG 0x20035448 LOADADDR (.data_RAM3)
                0x2003014c        0x4 LONG 0x4000000 ADDR (.data_RAM3)
                0x20030150        0x4 LONG 0x0 SIZEOF (.data_RAM3)
                0x20030154        0x4 LONG 0x20035448 LOADADDR (.data_RAM4)
                0x20030158        0x4 LONG 0x40100000 ADDR (.data_RAM4)
                0x2003015c        0x4 LONG 0x0 SIZEOF (.data_RAM4)
                0x20030160        0x4 LONG 0x20035448 LOADADDR (.data_RAM5)
                0x20030164        0x4 LONG 0x20040000 ADDR (.data_RAM5)
                0x20030168        0x4 LONG 0x0 SIZEOF (.data_RAM5)
                0x2003016c                        __data_section_table_end = .
                0x2003016c                        __bss_section_table = .
                0x2003016c        0x4 LONG 0x200359b8 ADDR (.bss)
                0x20030170        0x4 LONG 0x408 SIZEOF (.bss)
                0x20030174        0x4 LONG 0x2003c000 ADDR (.bss_RAM2)
                0x20030178        0x4 LONG 0x0 SIZEOF (.bss_RAM2)
                0x2003017c        0x4 LONG 0x4000000 ADDR (.bss_RAM3)
                0x20030180        0x4 LONG 0x0 SIZEOF (.bss_RAM3)
                0x20030184        0x4 LONG 0x40100000 ADDR (.bss_RAM4)
                0x20030188        0x4 LONG 0x0 SIZEOF (.bss_RAM4)
                0x2003018c        0x4 LONG 0x20040000 ADDR (.bss_RAM5)
                0x20030190        0x4 LONG 0x0 SIZEOF (.bss_RAM5)
                0x20030194                        __bss_section_table_end = .
                0x20030194                        __section_table_end = .
 *(SORT_BY_ALIGNMENT(.after_vectors*))
 .after_vectors.reset
                0x20030194       0x4c ./startup/startup_lpc55s69_cm33_core1.o
                0x20030194                ResetISR
 .after_vectors.init_data
                0x200301e0       0x1c ./startup/startup_lpc55s69_cm33_core1.o
                0x200301e0                data_init
 .after_vectors.init_bss
                0x200301fc       0x12 ./startup/startup_lpc55s69_cm33_core1.o
                0x200301fc                bss_init
 .after_vectors
                0x2003020e       0x16 ./startup/startup_lpc55s69_cm33_core1.o
                0x2003020e                NMI_Handler
                0x20030212                MemManage_Handler
                0x20030214                BusFault_Handler
                0x20030216                UsageFault_Handler
                0x20030218                SecureFault_Handler
                0x2003021a                SVC_Handler
                0x2003021c                DebugMon_Handler
                0x2003021e                PendSV_Handler
                0x20030220                SysTick_Handler
                0x20030222                Reserved56_DriverIRQHandler
                0x20030222                PIN_INT0_DriverIRQHandler
                0x20030222                PIN_INT2_DriverIRQHandler
                0x20030222                PIN_INT3_DriverIRQHandler
                0x20030222                IntDefaultHandler
                0x20030222                USB0_DriverIRQHandler
                0x20030222                CASER_DriverIRQHandler
                0x20030222                MRT0_DriverIRQHandler
                0x20030222                UTICK0_DriverIRQHandler
                0x20030222                Reserved41_DriverIRQHandler
                0x20030222                PIN_INT4_DriverIRQHandler
                0x20030222                PIN_INT5_DriverIRQHandler
                0x20030222                SEC_GPIO_INT0_IRQ0_DriverIRQHandler
                0x20030222                GINT1_DriverIRQHandler
                0x20030222                PIN_INT7_DriverIRQHandler
                0x20030222                Reserved55_DriverIRQHandler
                0x20030222                SEC_VIO_DriverIRQHandler
                0x20030222                USB0_NEEDCLK_DriverIRQHandler
                0x20030222                Reserved42_DriverIRQHandler
                0x20030222                PIN_INT6_DriverIRQHandler
                0x20030222                PQ_DriverIRQHandler
                0x20030222                MAILBOX_DriverIRQHandler
                0x20030222                PIN_INT1_DriverIRQHandler
                0x20030222                Reserved61_DriverIRQHandler
                0x20030222                SEC_GPIO_INT0_IRQ1_DriverIRQHandler
                0x20030222                PUF_DriverIRQHandler
                0x20030222                RTC_DriverIRQHandler
                0x20030222                DMA0_DriverIRQHandler
                0x20030222                Reserved39_DriverIRQHandler
                0x20030222                USB1_DriverIRQHandler
                0x20030222                Reserved60_DriverIRQHandler
                0x20030222                DMA1_DriverIRQHandler
                0x20030222                ADC0_DriverIRQHandler
                0x20030222                USB1_NEEDCLK_DriverIRQHandler
                0x20030222                Reserved59_DriverIRQHandler
                0x20030222                SDIO_DriverIRQHandler
                0x20030222                GINT0_DriverIRQHandler
                0x20030222                USB1_PHY_DriverIRQHandler
                0x20030222                ACMP_DriverIRQHandler
                0x20030222                Reserved57_DriverIRQHandler
                0x20030222                HASHCRYPT_DriverIRQHandler
                0x20030222                Reserved46_DriverIRQHandler
                0x20030222                WDT_BOD_DriverIRQHandler
                0x20030222                SCT0_DriverIRQHandler
                0x20030222                PLU_DriverIRQHandler
                0x20030222                OS_EVENT_DriverIRQHandler
                0x20030222                SEC_HYPERVISOR_CALL_DriverIRQHandler
 *(SORT_BY_ALIGNMENT(.text*))
 .text.__assert_func
                0x20030224       0x30 ./utilities/fsl_assert.o
                0x20030224                __assert_func
 .text.DbgConsole_SendDataReliable
                0x20030254       0x54 ./utilities/fsl_debug_console.o
                0x20030254                DbgConsole_SendDataReliable
 .text.DbgConsole_Vprintf
                0x200302a8       0x6c ./utilities/fsl_debug_console.o
                0x200302a8                DbgConsole_Vprintf
 .text.__NVIC_EnableIRQ
                0x20030314       0x38 ./source/main_core1.o
 .text.__NVIC_SetPriority
                0x2003034c       0x54 ./source/main_core1.o
 .text.mb_init  0x200303a0       0x24 ./source/main_core1.o
                0x200303a0                mb_init
 .text.mb_pop_evt
                0x200303c4       0x24 ./source/main_core1.o
                0x200303c4                mb_pop_evt
 .text.mb_push_evt
                0x200303e8       0x3c ./source/main_core1.o
                0x200303e8                mb_push_evt
 .text.next_event
                0x20030424       0x78 ./source/main_core1.o
                0x20030424                next_event
 .text.MAILBOX_IRQHandler
                0x2003049c       0x74 ./source/main_core1.o
                0x2003049c                MAILBOX_IRQHandler
 .text.main     0x20030510      0x3e4 ./source/main_core1.o
                0x20030510                main
 .text.lcd_switch_to
                0x200308f4       0x5c ./lcd/lcd.o
                0x200308f4                lcd_switch_to
 .text.lcd_init
                0x20030950       0x38 ./lcd/lcd.o
                0x20030950                lcd_init
 .text.lcd_set_window
                0x20030988       0xec ./lcd/lcd_dpy.o
                0x20030988                lcd_set_window
 .text.lcd_clear_screen
                0x20030a74       0x2c ./lcd/lcd_dpy.o
                0x20030a74                lcd_clear_screen
 .text.lcd_get_default_DC
                0x20030aa0       0x2c ./lcd/lcd_dpy.o
                0x20030aa0                lcd_get_default_DC
 .text.lcd_fill_rect
                0x20030acc       0x90 ./lcd/lcd_dpy.o
                0x20030acc                lcd_fill_rect
 .text.lcd_draw_rect
                0x20030b5c      0x120 ./lcd/lcd_dpy.o
                0x20030b5c                lcd_draw_rect
 .text.lcd_clip
                0x20030c7c       0x4c ./lcd/lcd_dpy.o
                0x20030c7c                lcd_clip
 .text.lcd_unclip
                0x20030cc8       0x18 ./lcd/lcd_dpy.o
                0x20030cc8                lcd_unclip
 .text.rgn_code
                0x20030ce0       0x78 ./lcd/lcd_dpy.o
 .text.lcd_line
                0x20030d58      0x1bc ./lcd/lcd_dpy.o
                0x20030d58                lcd_line
 .text.lcd_draw_raw_char
                0x20030f14      0x1a0 ./lcd/lcd_dpy.o
 .text.lcd_draw_string
                0x200310b4      0x30c ./lcd/lcd_dpy.o
                0x200310b4                lcd_draw_string
 .text.lcd_dpy_init
                0x200313c0      0x37c ./lcd/lcd_dpy.o
                0x200313c0                lcd_dpy_init
 .text.CTIMER_GetInstance
                0x2003173c       0x60 ./lcd/lcd_private.o
 .text.wait_ms  0x2003179c       0x88 ./lcd/lcd_private.o
                0x2003179c                wait_ms
 .text.lcd_pin_cfg
                0x20031824       0xf4 ./lcd/lcd_private.o
                0x20031824                lcd_pin_cfg
 .text.spi_update_cfg
                0x20031918       0x94 ./lcd/lcd_private.o
                0x20031918                spi_update_cfg
 .text.spi_master_init
                0x200319ac       0xbc ./lcd/lcd_private.o
                0x200319ac                spi_master_init
 .text.lcd_ts_write
                0x20031a68       0x50 ./lcd/lcd_ts.o
 .text.lcd_ts_read
                0x20031ab8       0x58 ./lcd/lcd_ts.o
 .text.lcd_ts_read16
                0x20031b10       0x78 ./lcd/lcd_ts.o
 .text.lcd_ts_init
                0x20031b88       0x94 ./lcd/lcd_ts.o
                0x20031b88                lcd_ts_init
 .text.CLOCK_AttachClk
                0x20031c1c       0x9c ./drivers/fsl_clock.o
                0x20031c1c                CLOCK_AttachClk
 .text.CLOCK_GetFro12MFreq
                0x20031cb8       0x28 ./drivers/fsl_clock.o
                0x20031cb8                CLOCK_GetFro12MFreq
 .text.CLOCK_GetFro1MFreq
                0x20031ce0       0x28 ./drivers/fsl_clock.o
                0x20031ce0                CLOCK_GetFro1MFreq
 .text.CLOCK_GetExtClkFreq
                0x20031d08       0x28 ./drivers/fsl_clock.o
                0x20031d08                CLOCK_GetExtClkFreq
 .text.CLOCK_GetFroHfFreq
                0x20031d30       0x28 ./drivers/fsl_clock.o
                0x20031d30                CLOCK_GetFroHfFreq
 .text.CLOCK_GetPll0OutFreq
                0x20031d58       0x90 ./drivers/fsl_clock.o
                0x20031d58                CLOCK_GetPll0OutFreq
 .text.CLOCK_GetPll1OutFreq
                0x20031de8       0x8c ./drivers/fsl_clock.o
                0x20031de8                CLOCK_GetPll1OutFreq
 .text.CLOCK_GetOsc32KFreq
                0x20031e74       0x58 ./drivers/fsl_clock.o
                0x20031e74                CLOCK_GetOsc32KFreq
 .text.CLOCK_GetCoreSysClkFreq
                0x20031ecc       0xa8 ./drivers/fsl_clock.o
                0x20031ecc                CLOCK_GetCoreSysClkFreq
 .text.CLOCK_GetI2SMClkFreq
                0x20031f74       0x14 ./drivers/fsl_clock.o
                0x20031f74                CLOCK_GetI2SMClkFreq
 .text.CLOCK_GetFlexCommInputClock
                0x20031f88       0xcc ./drivers/fsl_clock.o
                0x20031f88                CLOCK_GetFlexCommInputClock
 .text.CLOCK_GetCTimerClkFreq
                0x20032054       0xa0 ./drivers/fsl_clock.o
                0x20032054                CLOCK_GetCTimerClkFreq
 .text.CTIMER_GenericIRQHandler
                0x200320f4       0xb4 ./drivers/fsl_ctimer.o
 .text.FLEXCOMM_GetInstance
                0x200321a8       0x58 ./drivers/fsl_flexcomm.o
                0x200321a8                FLEXCOMM_GetInstance
 .text.FLEXCOMM_Init
                0x20032200       0x50 ./drivers/fsl_flexcomm.o
                0x20032200                FLEXCOMM_Init
 .text.FLEXCOMM0_DriverIRQHandler
                0x20032250       0x68 ./drivers/fsl_flexcomm.o
                0x20032250                FLEXCOMM0_DriverIRQHandler
 .text.FLEXCOMM1_DriverIRQHandler
                0x200322b8       0x68 ./drivers/fsl_flexcomm.o
                0x200322b8                FLEXCOMM1_DriverIRQHandler
 .text.FLEXCOMM2_DriverIRQHandler
                0x20032320       0x68 ./drivers/fsl_flexcomm.o
                0x20032320                FLEXCOMM2_DriverIRQHandler
 .text.FLEXCOMM3_DriverIRQHandler
                0x20032388       0x68 ./drivers/fsl_flexcomm.o
                0x20032388                FLEXCOMM3_DriverIRQHandler
 .text.FLEXCOMM4_DriverIRQHandler
                0x200323f0       0x68 ./drivers/fsl_flexcomm.o
                0x200323f0                FLEXCOMM4_DriverIRQHandler
 .text.FLEXCOMM5_DriverIRQHandler
                0x20032458       0x68 ./drivers/fsl_flexcomm.o
                0x20032458                FLEXCOMM5_DriverIRQHandler
 .text.FLEXCOMM6_DriverIRQHandler
                0x200324c0       0x6c ./drivers/fsl_flexcomm.o
                0x200324c0                FLEXCOMM6_DriverIRQHandler
 .text.FLEXCOMM7_DriverIRQHandler
                0x2003252c       0x6c ./drivers/fsl_flexcomm.o
                0x2003252c                FLEXCOMM7_DriverIRQHandler
 .text.FLEXCOMM8_DriverIRQHandler
                0x20032598       0x6c ./drivers/fsl_flexcomm.o
                0x20032598                FLEXCOMM8_DriverIRQHandler
 .text.GPIO_EnablePortClock
                0x20032604       0x44 ./drivers/fsl_gpio.o
 .text.RESET_SetPeripheralReset
                0x20032648       0x6c ./drivers/fsl_reset.o
                0x20032648                RESET_SetPeripheralReset
 .text.RESET_ClearPeripheralReset
                0x200326b4       0x6c ./drivers/fsl_reset.o
                0x200326b4                RESET_ClearPeripheralReset
 .text.USART_WriteBlocking
                0x20032720       0x9c ./drivers/fsl_usart.o
                0x20032720                USART_WriteBlocking
 .text.SystemInit
                0x200327bc       0x54 ./device/system_LPC55S69_cm33_core1.o
                0x200327bc                SystemInit
 .text.HAL_UartSendBlocking
                0x20032810       0x84 ./component/uart/fsl_adapter_usart.o
                0x20032810                HAL_UartSendBlocking
 .text          0x20032894       0x30 c:/nxp/mcuxpressoide_11.9.0_2144/ide/plugins/com.nxp.mcuxpresso.tools.win32_11.9.0.202307121226/tools/bin/../lib/gcc/arm-none-eabi/12.3.1/thumb/v8-m.main/nofp\libgcc.a(_aeabi_uldivmod.o)
                0x20032894                __aeabi_uldivmod
 .text.__udivmoddi4
                0x200328c4      0x2e4 c:/nxp/mcuxpressoide_11.9.0_2144/ide/plugins/com.nxp.mcuxpresso.tools.win32_11.9.0.202307121226/tools/bin/../lib/gcc/arm-none-eabi/12.3.1/thumb/v8-m.main/nofp\libgcc.a(_udivmoddi4.o)
                0x200328c4                __udivmoddi4
 .text          0x20032ba8        0x4 c:/nxp/mcuxpressoide_11.9.0_2144/ide/plugins/com.nxp.mcuxpresso.tools.win32_11.9.0.202307121226/tools/bin/../lib/gcc/arm-none-eabi/12.3.1/thumb/v8-m.main/nofp\libgcc.a(_dvmd_tls.o)
                0x20032ba8                __aeabi_idiv0
                0x20032ba8                __aeabi_ldiv0
 .text.malloc   0x20032bac       0x10 c:/nxp/mcuxpressoide_11.9.0_2144/ide/plugins/com.nxp.mcuxpresso.tools.win32_11.9.0.202307121226/tools/bin/../lib/gcc/arm-none-eabi/12.3.1/thumb/v8-m.main/nofp\libc.a(libc_a-malloc.o)
                0x20032bac                malloc
 .text.free     0x20032bbc       0x10 c:/nxp/mcuxpressoide_11.9.0_2144/ide/plugins/com.nxp.mcuxpresso.tools.win32_11.9.0.202307121226/tools/bin/../lib/gcc/arm-none-eabi/12.3.1/thumb/v8-m.main/nofp\libc.a(libc_a-malloc.o)
                0x20032bbc                free
 .text._malloc_r
                0x20032bcc      0x588 c:/nxp/mcuxpressoide_11.9.0_2144/ide/plugins/com.nxp.mcuxpresso.tools.win32_11.9.0.202307121226/tools/bin/../lib/gcc/arm-none-eabi/12.3.1/thumb/v8-m.main/nofp\libc.a(libc_a-mallocr.o)
                0x20032bcc                _malloc_r
 .text.__malloc_lock
                0x20033154        0xc c:/nxp/mcuxpressoide_11.9.0_2144/ide/plugins/com.nxp.mcuxpresso.tools.win32_11.9.0.202307121226/tools/bin/../lib/gcc/arm-none-eabi/12.3.1/thumb/v8-m.main/nofp\libc.a(libc_a-mlock.o)
                0x20033154                __malloc_lock
 .text.__malloc_unlock
                0x20033160        0xc c:/nxp/mcuxpressoide_11.9.0_2144/ide/plugins/com.nxp.mcuxpresso.tools.win32_11.9.0.202307121226/tools/bin/../lib/gcc/arm-none-eabi/12.3.1/thumb/v8-m.main/nofp\libc.a(libc_a-mlock.o)
                0x20033160                __malloc_unlock
 .text.memset   0x2003316c       0xa8 c:/nxp/mcuxpressoide_11.9.0_2144/ide/plugins/com.nxp.mcuxpresso.tools.win32_11.9.0.202307121226/tools/bin/../lib/gcc/arm-none-eabi/12.3.1/thumb/v8-m.main/nofp\libc.a(libc_a-memset.o)
                0x2003316c                memset
 .text._sbrk_r  0x20033214       0x24 c:/nxp/mcuxpressoide_11.9.0_2144/ide/plugins/com.nxp.mcuxpresso.tools.win32_11.9.0.202307121226/tools/bin/../lib/gcc/arm-none-eabi/12.3.1/thumb/v8-m.main/nofp\libc.a(libc_a-sbrkr.o)
                0x20033214                _sbrk_r
 .text.__errno  0x20033238        0xc c:/nxp/mcuxpressoide_11.9.0_2144/ide/plugins/com.nxp.mcuxpresso.tools.win32_11.9.0.202307121226/tools/bin/../lib/gcc/arm-none-eabi/12.3.1/thumb/v8-m.main/nofp\libc.a(libc_a-errno.o)
                0x20033238                __errno
 .text.__retarget_lock_acquire_recursive
                0x20033244        0x4 c:/nxp/mcuxpressoide_11.9.0_2144/ide/plugins/com.nxp.mcuxpresso.tools.win32_11.9.0.202307121226/tools/bin/../lib/gcc/arm-none-eabi/12.3.1/thumb/v8-m.main/nofp\libc.a(libc_a-lock.o)
                0x20033244                __retarget_lock_acquire_recursive
 .text.__retarget_lock_release_recursive
                0x20033248        0x4 c:/nxp/mcuxpressoide_11.9.0_2144/ide/plugins/com.nxp.mcuxpresso.tools.win32_11.9.0.202307121226/tools/bin/../lib/gcc/arm-none-eabi/12.3.1/thumb/v8-m.main/nofp\libc.a(libc_a-lock.o)
                0x20033248                __retarget_lock_release_recursive
 .text.sysconf  0x2003324c       0x1c c:/nxp/mcuxpressoide_11.9.0_2144/ide/plugins/com.nxp.mcuxpresso.tools.win32_11.9.0.202307121226/tools/bin/../lib/gcc/arm-none-eabi/12.3.1/thumb/v8-m.main/nofp\libc.a(libc_a-sysconf.o)
                0x2003324c                sysconf
 .text          0x20033268       0xec c:/nxp/mcuxpressoide_11.9.0_2144/ide/plugins/com.nxp.mcuxpresso.tools.win32_11.9.0.202307121226/tools/bin/../lib/gcc/arm-none-eabi/12.3.1/thumb/v8-m.main/nofp\libc.a(libc_a-memcpy.o)
                0x20033268                memcpy
 .text.strlen   0x20033354       0x5c c:/nxp/mcuxpressoide_11.9.0_2144/ide/plugins/com.nxp.mcuxpresso.tools.win32_11.9.0.202307121226/tools/bin/../lib/gcc/arm-none-eabi/12.3.1/thumb/v8-m.main/nofp\libc.a(libc_a-strlen-stub.o)
                0x20033354                strlen
 .text._malloc_trim_r
                0x200333b0       0xb8 c:/nxp/mcuxpressoide_11.9.0_2144/ide/plugins/com.nxp.mcuxpresso.tools.win32_11.9.0.202307121226/tools/bin/../lib/gcc/arm-none-eabi/12.3.1/thumb/v8-m.main/nofp\libc.a(libc_a-freer.o)
                0x200333b0                _malloc_trim_r
 .text._free_r  0x20033468      0x1fc c:/nxp/mcuxpressoide_11.9.0_2144/ide/plugins/com.nxp.mcuxpresso.tools.win32_11.9.0.202307121226/tools/bin/../lib/gcc/arm-none-eabi/12.3.1/thumb/v8-m.main/nofp\libc.a(libc_a-freer.o)
                0x20033468                _free_r
 .text._sbrk    0x20033664       0x3c c:/nxp/mcuxpressoide_11.9.0_2144/ide/plugins/com.nxp.mcuxpresso.tools.win32_11.9.0.202307121226/tools/bin/../lib/gcc/arm-none-eabi/12.3.1/../../../../arm-none-eabi/lib/thumb/v8-m.main/nofp\libcr_newlib_nohost.a(_cr_sbrk.o)
                0x20033664                _sbrk
 .text.__check_heap_overflow
                0x200336a0       0x18 c:/nxp/mcuxpressoide_11.9.0_2144/ide/plugins/com.nxp.mcuxpresso.tools.win32_11.9.0.202307121226/tools/bin/../lib/gcc/arm-none-eabi/12.3.1/../../../../arm-none-eabi/lib/thumb/v8-m.main/nofp\libcr_newlib_nohost.a(_cr_check_heap.o)
                0x200336a0                __check_heap_overflow
 .text.fsl_assert_hook
                0x200336b8       0x18 ./utilities/fsl_assert.o
                0x200336b8                fsl_assert_hook
 .text.DbgConsole_PrintCallback
                0x200336d0       0x66 ./utilities/fsl_debug_console.o
 .text.DbgConsole_Printf
                0x20033736       0x2c ./utilities/fsl_debug_console.o
                0x20033736                DbgConsole_Printf
 .text.PrintGetWidth
                0x20033762       0x68 ./utilities/fsl_str.o
 .text.PrintGetPrecision
                0x200337ca       0x8a ./utilities/fsl_str.o
 .text.PrintIsobpu
                0x20033854       0x36 ./utilities/fsl_str.o
 .text.PrintIsdi
                0x2003388a       0x2a ./utilities/fsl_str.o
 .text.PrintOutputdifFobpu
                0x200338b4       0x44 ./utilities/fsl_str.o
 .text.PrintOutputxX
                0x200338f8       0x44 ./utilities/fsl_str.o
 .text.PrintIsfF
                0x2003393c       0x2a ./utilities/fsl_str.o
 .text.PrintIsxX
                0x20033966       0x2a ./utilities/fsl_str.o
 .text.PrintFilterLengthFlag
                0x20033990       0x3c ./utilities/fsl_str.o
 .text.PrintGetRadixFromobpu
                0x200339cc       0x3e ./utilities/fsl_str.o
 .text.ConvertRadixNumToString
                0x20033a0a       0xc0 ./utilities/fsl_str.o
 .text.StrFormatExaminedi
                0x20033aca       0x24 ./utilities/fsl_str.o
 .text.StrFormatExaminexX
                0x20033aee       0x24 ./utilities/fsl_str.o
 .text.StrFormatExamineobpu
                0x20033b12       0x24 ./utilities/fsl_str.o
 .text.ConvertPrecisionWidthToLength
                0x20033b36       0x20 ./utilities/fsl_str.o
 .text.StrFormatPrintf
                0x20033b56      0x2bc ./utilities/fsl_str.o
                0x20033b56                StrFormatPrintf
 .text.WDT_BOD_IRQHandler
                0x20033e12        0x8 ./startup/startup_lpc55s69_cm33_core1.o
                0x20033e12                WDT_BOD_IRQHandler
 .text.DMA0_IRQHandler
                0x20033e1a        0x8 ./startup/startup_lpc55s69_cm33_core1.o
                0x20033e1a                DMA0_IRQHandler
 .text.GINT0_IRQHandler
                0x20033e22        0x8 ./startup/startup_lpc55s69_cm33_core1.o
                0x20033e22                GINT0_IRQHandler
 .text.GINT1_IRQHandler
                0x20033e2a        0x8 ./startup/startup_lpc55s69_cm33_core1.o
                0x20033e2a                GINT1_IRQHandler
 .text.PIN_INT0_IRQHandler
                0x20033e32        0x8 ./startup/startup_lpc55s69_cm33_core1.o
                0x20033e32                PIN_INT0_IRQHandler
 .text.PIN_INT1_IRQHandler
                0x20033e3a        0x8 ./startup/startup_lpc55s69_cm33_core1.o
                0x20033e3a                PIN_INT1_IRQHandler
 .text.PIN_INT2_IRQHandler
                0x20033e42        0x8 ./startup/startup_lpc55s69_cm33_core1.o
                0x20033e42                PIN_INT2_IRQHandler
 .text.PIN_INT3_IRQHandler
                0x20033e4a        0x8 ./startup/startup_lpc55s69_cm33_core1.o
                0x20033e4a                PIN_INT3_IRQHandler
 .text.UTICK0_IRQHandler
                0x20033e52        0x8 ./startup/startup_lpc55s69_cm33_core1.o
                0x20033e52                UTICK0_IRQHandler
 .text.MRT0_IRQHandler
                0x20033e5a        0x8 ./startup/startup_lpc55s69_cm33_core1.o
                0x20033e5a                MRT0_IRQHandler
 .text.CTIMER0_IRQHandler
                0x20033e62        0x8 ./startup/startup_lpc55s69_cm33_core1.o
                0x20033e62                CTIMER0_IRQHandler
 .text.CTIMER1_IRQHandler
                0x20033e6a        0x8 ./startup/startup_lpc55s69_cm33_core1.o
                0x20033e6a                CTIMER1_IRQHandler
 .text.SCT0_IRQHandler
                0x20033e72        0x8 ./startup/startup_lpc55s69_cm33_core1.o
                0x20033e72                SCT0_IRQHandler
 .text.CTIMER3_IRQHandler
                0x20033e7a        0x8 ./startup/startup_lpc55s69_cm33_core1.o
                0x20033e7a                CTIMER3_IRQHandler
 .text.FLEXCOMM0_IRQHandler
                0x20033e82        0x8 ./startup/startup_lpc55s69_cm33_core1.o
                0x20033e82                FLEXCOMM0_IRQHandler
 .text.FLEXCOMM1_IRQHandler
                0x20033e8a        0x8 ./startup/startup_lpc55s69_cm33_core1.o
                0x20033e8a                FLEXCOMM1_IRQHandler
 .text.FLEXCOMM2_IRQHandler
                0x20033e92        0x8 ./startup/startup_lpc55s69_cm33_core1.o
                0x20033e92                FLEXCOMM2_IRQHandler
 .text.FLEXCOMM3_IRQHandler
                0x20033e9a        0x8 ./startup/startup_lpc55s69_cm33_core1.o
                0x20033e9a                FLEXCOMM3_IRQHandler
 .text.FLEXCOMM4_IRQHandler
                0x20033ea2        0x8 ./startup/startup_lpc55s69_cm33_core1.o
                0x20033ea2                FLEXCOMM4_IRQHandler
 .text.FLEXCOMM5_IRQHandler
                0x20033eaa        0x8 ./startup/startup_lpc55s69_cm33_core1.o
                0x20033eaa                FLEXCOMM5_IRQHandler
 .text.FLEXCOMM6_IRQHandler
                0x20033eb2        0x8 ./startup/startup_lpc55s69_cm33_core1.o
                0x20033eb2                FLEXCOMM6_IRQHandler
 .text.FLEXCOMM7_IRQHandler
                0x20033eba        0x8 ./startup/startup_lpc55s69_cm33_core1.o
                0x20033eba                FLEXCOMM7_IRQHandler
 .text.ADC0_IRQHandler
                0x20033ec2        0x8 ./startup/startup_lpc55s69_cm33_core1.o
                0x20033ec2                ADC0_IRQHandler
 .text.Reserved39_IRQHandler
                0x20033eca        0x8 ./startup/startup_lpc55s69_cm33_core1.o
                0x20033eca                Reserved39_IRQHandler
 .text.ACMP_IRQHandler
                0x20033ed2        0x8 ./startup/startup_lpc55s69_cm33_core1.o
                0x20033ed2                ACMP_IRQHandler
 .text.Reserved41_IRQHandler
                0x20033eda        0x8 ./startup/startup_lpc55s69_cm33_core1.o
                0x20033eda                Reserved41_IRQHandler
 .text.Reserved42_IRQHandler
                0x20033ee2        0x8 ./startup/startup_lpc55s69_cm33_core1.o
                0x20033ee2                Reserved42_IRQHandler
 .text.USB0_NEEDCLK_IRQHandler
                0x20033eea        0x8 ./startup/startup_lpc55s69_cm33_core1.o
                0x20033eea                USB0_NEEDCLK_IRQHandler
 .text.USB0_IRQHandler
                0x20033ef2        0x8 ./startup/startup_lpc55s69_cm33_core1.o
                0x20033ef2                USB0_IRQHandler
 .text.RTC_IRQHandler
                0x20033efa        0x8 ./startup/startup_lpc55s69_cm33_core1.o
                0x20033efa                RTC_IRQHandler
 .text.Reserved46_IRQHandler
                0x20033f02        0x8 ./startup/startup_lpc55s69_cm33_core1.o
                0x20033f02                Reserved46_IRQHandler
 .text.PIN_INT4_IRQHandler
                0x20033f0a        0x8 ./startup/startup_lpc55s69_cm33_core1.o
                0x20033f0a                PIN_INT4_IRQHandler
 .text.PIN_INT5_IRQHandler
                0x20033f12        0x8 ./startup/startup_lpc55s69_cm33_core1.o
                0x20033f12                PIN_INT5_IRQHandler
 .text.PIN_INT6_IRQHandler
                0x20033f1a        0x8 ./startup/startup_lpc55s69_cm33_core1.o
                0x20033f1a                PIN_INT6_IRQHandler
 .text.PIN_INT7_IRQHandler
                0x20033f22        0x8 ./startup/startup_lpc55s69_cm33_core1.o
                0x20033f22                PIN_INT7_IRQHandler
 .text.CTIMER2_IRQHandler
                0x20033f2a        0x8 ./startup/startup_lpc55s69_cm33_core1.o
                0x20033f2a                CTIMER2_IRQHandler
 .text.CTIMER4_IRQHandler
                0x20033f32        0x8 ./startup/startup_lpc55s69_cm33_core1.o
                0x20033f32                CTIMER4_IRQHandler
 .text.OS_EVENT_IRQHandler
                0x20033f3a        0x8 ./startup/startup_lpc55s69_cm33_core1.o
                0x20033f3a                OS_EVENT_IRQHandler
 .text.Reserved55_IRQHandler
                0x20033f42        0x8 ./startup/startup_lpc55s69_cm33_core1.o
                0x20033f42                Reserved55_IRQHandler
 .text.Reserved56_IRQHandler
                0x20033f4a        0x8 ./startup/startup_lpc55s69_cm33_core1.o
                0x20033f4a                Reserved56_IRQHandler
 .text.Reserved57_IRQHandler
                0x20033f52        0x8 ./startup/startup_lpc55s69_cm33_core1.o
                0x20033f52                Reserved57_IRQHandler
 .text.SDIO_IRQHandler
                0x20033f5a        0x8 ./startup/startup_lpc55s69_cm33_core1.o
                0x20033f5a                SDIO_IRQHandler
 .text.Reserved59_IRQHandler
                0x20033f62        0x8 ./startup/startup_lpc55s69_cm33_core1.o
                0x20033f62                Reserved59_IRQHandler
 .text.Reserved60_IRQHandler
                0x20033f6a        0x8 ./startup/startup_lpc55s69_cm33_core1.o
                0x20033f6a                Reserved60_IRQHandler
 .text.Reserved61_IRQHandler
                0x20033f72        0x8 ./startup/startup_lpc55s69_cm33_core1.o
                0x20033f72                Reserved61_IRQHandler
 .text.USB1_PHY_IRQHandler
                0x20033f7a        0x8 ./startup/startup_lpc55s69_cm33_core1.o
                0x20033f7a                USB1_PHY_IRQHandler
 .text.USB1_IRQHandler
                0x20033f82        0x8 ./startup/startup_lpc55s69_cm33_core1.o
                0x20033f82                USB1_IRQHandler
 .text.USB1_NEEDCLK_IRQHandler
                0x20033f8a        0x8 ./startup/startup_lpc55s69_cm33_core1.o
                0x20033f8a                USB1_NEEDCLK_IRQHandler
 .text.SEC_HYPERVISOR_CALL_IRQHandler
                0x20033f92        0x8 ./startup/startup_lpc55s69_cm33_core1.o
                0x20033f92                SEC_HYPERVISOR_CALL_IRQHandler
 .text.SEC_GPIO_INT0_IRQ0_IRQHandler
                0x20033f9a        0x8 ./startup/startup_lpc55s69_cm33_core1.o
                0x20033f9a                SEC_GPIO_INT0_IRQ0_IRQHandler
 .text.SEC_GPIO_INT0_IRQ1_IRQHandler
                0x20033fa2        0x8 ./startup/startup_lpc55s69_cm33_core1.o
                0x20033fa2                SEC_GPIO_INT0_IRQ1_IRQHandler
 .text.PLU_IRQHandler
                0x20033faa        0x8 ./startup/startup_lpc55s69_cm33_core1.o
                0x20033faa                PLU_IRQHandler
 .text.SEC_VIO_IRQHandler
                0x20033fb2        0x8 ./startup/startup_lpc55s69_cm33_core1.o
                0x20033fb2                SEC_VIO_IRQHandler
 .text.HASHCRYPT_IRQHandler
                0x20033fba        0x8 ./startup/startup_lpc55s69_cm33_core1.o
                0x20033fba                HASHCRYPT_IRQHandler
 .text.CASER_IRQHandler
                0x20033fc2        0x8 ./startup/startup_lpc55s69_cm33_core1.o
                0x20033fc2                CASER_IRQHandler
 .text.PUF_IRQHandler
                0x20033fca        0x8 ./startup/startup_lpc55s69_cm33_core1.o
                0x20033fca                PUF_IRQHandler
 .text.PQ_IRQHandler
                0x20033fd2        0x8 ./startup/startup_lpc55s69_cm33_core1.o
                0x20033fd2                PQ_IRQHandler
 .text.DMA1_IRQHandler
                0x20033fda        0x8 ./startup/startup_lpc55s69_cm33_core1.o
                0x20033fda                DMA1_IRQHandler
 .text.FLEXCOMM8_IRQHandler
                0x20033fe2        0x8 ./startup/startup_lpc55s69_cm33_core1.o
                0x20033fe2                FLEXCOMM8_IRQHandler
 .text.HardFault_Handler
                0x20033fea       0x36 ./source/semihost_hardfault.o
                0x20033fea                HardFault_Handler
 .text.GPIO_PinWrite
                0x20034020       0x28 ./lcd/lcd.o
 .text.GPIO_PinWrite
                0x20034048       0x28 ./lcd/lcd_dpy.o
 .text.lcd_set_font
                0x20034070       0x22 ./lcd/lcd_dpy.o
                0x20034070                lcd_set_font
 .text.lcd_set_alignment
                0x20034092       0x36 ./lcd/lcd_dpy.o
                0x20034092                lcd_set_alignment
 .text.lcd_set_direction
                0x200340c8       0x30 ./lcd/lcd_dpy.o
                0x200340c8                lcd_set_direction
 .text.lcd_draw_line
                0x200340f8      0x430 ./lcd/lcd_dpy.o
                0x200340f8                lcd_draw_line
 .text.CLOCK_EnableClock
                0x20034528       0x2e ./lcd/lcd_private.o
 .text.spi_write
                0x20034556       0x6e ./lcd/lcd_private.o
                0x20034556                spi_write
 .text.spi_write_byte
                0x200345c4       0x48 ./lcd/lcd_private.o
                0x200345c4                spi_write_byte
 .text.spi_write16
                0x2003460c       0x72 ./lcd/lcd_private.o
                0x2003460c                spi_write16
 .text.spi_write16_n
                0x2003467e       0x60 ./lcd/lcd_private.o
                0x2003467e                spi_write16_n
 .text.GPIO_PinWrite
                0x200346de       0x28 ./lcd/lcd_ts.o
 .text.CLOCK_GetFlexCommClkFreq
                0x20034706       0x9a ./drivers/fsl_clock.o
                0x20034706                CLOCK_GetFlexCommClkFreq
 .text.CTIMER_GetStatusFlags
                0x200347a0       0x16 ./drivers/fsl_ctimer.o
 .text.CTIMER_ClearStatusFlags
                0x200347b6       0x1a ./drivers/fsl_ctimer.o
 .text.CTIMER0_DriverIRQHandler
                0x200347d0        0xe ./drivers/fsl_ctimer.o
                0x200347d0                CTIMER0_DriverIRQHandler
 .text.CTIMER1_DriverIRQHandler
                0x200347de        0xe ./drivers/fsl_ctimer.o
                0x200347de                CTIMER1_DriverIRQHandler
 .text.CTIMER2_DriverIRQHandler
                0x200347ec        0xe ./drivers/fsl_ctimer.o
                0x200347ec                CTIMER2_DriverIRQHandler
 .text.CTIMER3_DriverIRQHandler
                0x200347fa        0xe ./drivers/fsl_ctimer.o
                0x200347fa                CTIMER3_DriverIRQHandler
 .text.CTIMER4_DriverIRQHandler
                0x20034808        0xe ./drivers/fsl_ctimer.o
                0x20034808                CTIMER4_DriverIRQHandler
 .text.CLOCK_EnableClock
                0x20034816       0x2e ./drivers/fsl_flexcomm.o
 .text.FLEXCOMM_PeripheralIsPresent
                0x20034844       0x62 ./drivers/fsl_flexcomm.o
 .text.FLEXCOMM_SetPeriph
                0x200348a6       0x74 ./drivers/fsl_flexcomm.o
 .text.CLOCK_EnableClock
                0x2003491a       0x2e ./drivers/fsl_gpio.o
 .text.GPIO_PinInit
                0x20034948       0xa4 ./drivers/fsl_gpio.o
                0x20034948                GPIO_PinInit
 .text.RESET_PeripheralReset
                0x200349ec       0x1c ./drivers/fsl_reset.o
                0x200349ec                RESET_PeripheralReset
 .text.SystemInitHook
                0x20034a08        0xc ./device/system_LPC55S69_cm33_core1.o
                0x20034a08                SystemInitHook
 .text.SerialManager_StartWriting
                0x20034a14       0x38 ./component/serial_manager/fsl_component_serial_manager.o
 .text.SerialManager_Write
                0x20034a4c       0x44 ./component/serial_manager/fsl_component_serial_manager.o
 .text.SerialManager_WriteBlocking
                0x20034a90       0x20 ./component/serial_manager/fsl_component_serial_manager.o
                0x20034a90                SerialManager_WriteBlocking
 .text.Serial_UartWrite
                0x20034ab0       0x38 ./component/serial_manager/fsl_component_serial_port_uart.o
                0x20034ab0                Serial_UartWrite
 *(SORT_BY_ALIGNMENT(.rodata) SORT_BY_ALIGNMENT(.rodata.*) SORT_BY_ALIGNMENT(.constdata) SORT_BY_ALIGNMENT(.constdata.*))
 .rodata.__assert_func.str1.4
                0x20034ae8       0x3e ./utilities/fsl_assert.o
 *fill*         0x20034b26        0x2 ff
 .rodata.fixed12_data
                0x20034b28      0x474 ./lcd/fonts/fixed12.o
                0x20034b28                fixed12_data
 .rodata.fixed12
                0x20034f9c        0x8 ./lcd/fonts/fixed12.o
                0x20034f9c                fixed12
 .rodata.disp_modes
                0x20034fa4        0x4 ./lcd/lcd_dpy.o
                0x20034fa4                disp_modes
 .rodata.s_ctimerBases
                0x20034fa8       0x14 ./lcd/lcd_private.o
 .rodata.s_ctimerClocks
                0x20034fbc        0xa ./lcd/lcd_private.o
 *fill*         0x20034fc6        0x2 ff
 .rodata.CTIMER_GetInstance.str1.4
                0x20034fc8       0x2a ./lcd/lcd_private.o
 *fill*         0x20034ff2        0x2 ff
 .rodata        0x20034ff4        0x2 ./lcd/lcd_private.o
 *fill*         0x20034ff6        0x2 ff
 .rodata.spi_cfg
                0x20034ff8       0x10 ./lcd/lcd_private.o
                0x20034ff8                spi_cfg
 .rodata.__func__.0
                0x20035008       0x13 ./lcd/lcd_private.o
 *fill*         0x2003501b        0x1 ff
 .rodata.CLOCK_GetClockOutClkFreq.str1.4
                0x2003501c       0x14 ./drivers/fsl_clock.o
 .rodata.__func__.2
                0x20035030       0x1c ./drivers/fsl_clock.o
 .rodata.__func__.0
                0x2003504c       0x17 ./drivers/fsl_clock.o
 *fill*         0x20035063        0x1 ff
 .rodata.s_ctimerBases
                0x20035064       0x14 ./drivers/fsl_ctimer.o
 .rodata.s_flexcommBaseAddrs
                0x20035078       0x24 ./drivers/fsl_flexcomm.o
 .rodata.s_flexcommClocks
                0x2003509c       0x12 ./drivers/fsl_flexcomm.o
 *fill*         0x200350ae        0x2 ff
 .rodata.s_flexcommResets
                0x200350b0       0x24 ./drivers/fsl_flexcomm.o
 .rodata.FLEXCOMM_GetInstance.str1.4
                0x200350d4       0x3f ./drivers/fsl_flexcomm.o
 *fill*         0x20035113        0x1 ff
 .rodata.FLEXCOMM0_DriverIRQHandler.str1.4
                0x20035114       0x27 ./drivers/fsl_flexcomm.o
 *fill*         0x2003513b        0x1 ff
 .rodata.__func__.9
                0x2003513c       0x15 ./drivers/fsl_flexcomm.o
 *fill*         0x20035151        0x3 ff
 .rodata.__func__.8
                0x20035154       0x1b ./drivers/fsl_flexcomm.o
 *fill*         0x2003516f        0x1 ff
 .rodata.__func__.7
                0x20035170       0x1b ./drivers/fsl_flexcomm.o
 *fill*         0x2003518b        0x1 ff
 .rodata.__func__.6
                0x2003518c       0x1b ./drivers/fsl_flexcomm.o
 *fill*         0x200351a7        0x1 ff
 .rodata.__func__.5
                0x200351a8       0x1b ./drivers/fsl_flexcomm.o
 *fill*         0x200351c3        0x1 ff
 .rodata.__func__.4
                0x200351c4       0x1b ./drivers/fsl_flexcomm.o
 *fill*         0x200351df        0x1 ff
 .rodata.__func__.3
                0x200351e0       0x1b ./drivers/fsl_flexcomm.o
 *fill*         0x200351fb        0x1 ff
 .rodata.__func__.2
                0x200351fc       0x1b ./drivers/fsl_flexcomm.o
 *fill*         0x20035217        0x1 ff
 .rodata.__func__.1
                0x20035218       0x1b ./drivers/fsl_flexcomm.o
 *fill*         0x20035233        0x1 ff
 .rodata.__func__.0
                0x20035234       0x1b ./drivers/fsl_flexcomm.o
 *fill*         0x2003524f        0x1 ff
 .rodata.s_gpioClockName
                0x20035250        0x8 ./drivers/fsl_gpio.o
 .rodata.GPIO_EnablePortClock.str1.4
                0x20035258       0x2f ./drivers/fsl_gpio.o
 *fill*         0x20035287        0x1 ff
 .rodata.__func__.0
                0x20035288       0x15 ./drivers/fsl_gpio.o
 *fill*         0x2003529d        0x3 ff
 .rodata.RESET_SetPeripheralReset.str1.4
                0x200352a0       0x1c ./drivers/fsl_reset.o
 .rodata.__func__.1
                0x200352bc       0x19 ./drivers/fsl_reset.o
 *fill*         0x200352d5        0x3 ff
 .rodata.__func__.0
                0x200352d8       0x1b ./drivers/fsl_reset.o
 *fill*         0x200352f3        0x1 ff
 .rodata.USART_GetInstance.str1.4
                0x200352f4       0x38 ./drivers/fsl_usart.o
 .rodata.USART_WriteBlocking.str1.4
                0x2003532c       0x24 ./drivers/fsl_usart.o
 .rodata.__func__.9
                0x20035350       0x14 ./drivers/fsl_usart.o
 .rodata.s_UsartAdapterBase
                0x20035364       0x20 ./component/uart/fsl_adapter_usart.o
 .rodata.HAL_UartInitCommon.str1.4
                0x20035384       0x91 ./component/uart/fsl_adapter_usart.o
 *fill*         0x20035415        0x3 ff
 .rodata.HAL_UartReceiveBlocking.str1.4
                0x20035418        0xf ./component/uart/fsl_adapter_usart.o
 *fill*         0x20035427        0x1 ff
 .rodata.__func__.1
                0x20035428       0x15 ./component/uart/fsl_adapter_usart.o
                0x20035440                        . = ALIGN (0x4)
 *fill*         0x2003543d        0x3 ff

.glue_7         0x20035440        0x0
 .glue_7        0x20035440        0x0 linker stubs

.glue_7t        0x20035440        0x0
 .glue_7t       0x20035440        0x0 linker stubs

.vfp11_veneer   0x20035440        0x0
 .vfp11_veneer  0x20035440        0x0 linker stubs

.v4_bx          0x20035440        0x0
 .v4_bx         0x20035440        0x0 linker stubs

.iplt           0x20035440        0x0
 .iplt          0x20035440        0x0 ./utilities/fsl_assert.o

.ARM.extab
 *(SORT_BY_ALIGNMENT(.ARM.extab*) SORT_BY_ALIGNMENT(.gnu.linkonce.armextab.*))

.ARM.exidx      0x20035440        0x8
                0x20035440                        __exidx_start = .
 *(SORT_BY_ALIGNMENT(.ARM.exidx*) SORT_BY_ALIGNMENT(.gnu.linkonce.armexidx.*))
 .ARM.exidx.text.__udivmoddi4
                0x20035440        0x8 c:/nxp/mcuxpressoide_11.9.0_2144/ide/plugins/com.nxp.mcuxpresso.tools.win32_11.9.0.202307121226/tools/bin/../lib/gcc/arm-none-eabi/12.3.1/thumb/v8-m.main/nofp\libgcc.a(_udivmoddi4.o)
 .ARM.exidx     0x20035448        0x0 c:/nxp/mcuxpressoide_11.9.0_2144/ide/plugins/com.nxp.mcuxpresso.tools.win32_11.9.0.202307121226/tools/bin/../lib/gcc/arm-none-eabi/12.3.1/thumb/v8-m.main/nofp\libc.a(libc_a-memcpy.o)
                                  0x8 (size before relaxing)
                0x20035448                        __exidx_end = .
                0x20035448                        _etext = .

.rel.dyn        0x20035448        0x0
 .rel.iplt      0x20035448        0x0 ./utilities/fsl_assert.o

.m_usb_data
 *(SORT_BY_ALIGNMENT(m_usb_global))

.data_RAM2      0x2003c000        0x0 load address 0x20035448
 FILL mask 0xff
                [!provide]                        PROVIDE (__start_data_RAM2 = .)
                [!provide]                        PROVIDE (__start_data_shmem = .)
 *(SORT_BY_ALIGNMENT(.ramfunc.$RAM2))
 *(SORT_BY_ALIGNMENT(.ramfunc.$shmem))
 *(SORT_BY_ALIGNMENT(.data.$RAM2))
 *(SORT_BY_ALIGNMENT(.data.$shmem))
 *(SORT_BY_ALIGNMENT(.data.$RAM2.*))
 *(SORT_BY_ALIGNMENT(.data.$shmem.*))
                0x2003c000                        . = ALIGN (0x4)
                [!provide]                        PROVIDE (__end_data_RAM2 = .)
                [!provide]                        PROVIDE (__end_data_shmem = .)

.data_RAM3      0x04000000        0x0 load address 0x20035448
 FILL mask 0xff
                [!provide]                        PROVIDE (__start_data_RAM3 = .)
                [!provide]                        PROVIDE (__start_data_SRAMX = .)
 *(SORT_BY_ALIGNMENT(.ramfunc.$RAM3))
 *(SORT_BY_ALIGNMENT(.ramfunc.$SRAMX))
 *(SORT_BY_ALIGNMENT(.data.$RAM3))
 *(SORT_BY_ALIGNMENT(.data.$SRAMX))
 *(SORT_BY_ALIGNMENT(.data.$RAM3.*))
 *(SORT_BY_ALIGNMENT(.data.$SRAMX.*))
                0x04000000                        . = ALIGN (0x4)
                [!provide]                        PROVIDE (__end_data_RAM3 = .)
                [!provide]                        PROVIDE (__end_data_SRAMX = .)

.data_RAM4      0x40100000        0x0 load address 0x20035448
 FILL mask 0xff
                [!provide]                        PROVIDE (__start_data_RAM4 = .)
                [!provide]                        PROVIDE (__start_data_USB_RAM = .)
 *(SORT_BY_ALIGNMENT(.ramfunc.$RAM4))
 *(SORT_BY_ALIGNMENT(.ramfunc.$USB_RAM))
 *(SORT_BY_ALIGNMENT(.data.$RAM4))
 *(SORT_BY_ALIGNMENT(.data.$USB_RAM))
 *(SORT_BY_ALIGNMENT(.data.$RAM4.*))
 *(SORT_BY_ALIGNMENT(.data.$USB_RAM.*))
                0x40100000                        . = ALIGN (0x4)
                [!provide]                        PROVIDE (__end_data_RAM4 = .)
                [!provide]                        PROVIDE (__end_data_USB_RAM = .)

.data_RAM5      0x20040000        0x0 load address 0x20035448
 FILL mask 0xff
                [!provide]                        PROVIDE (__start_data_RAM5 = .)
                [!provide]                        PROVIDE (__start_data_SRAM4 = .)
 *(SORT_BY_ALIGNMENT(.ramfunc.$RAM5))
 *(SORT_BY_ALIGNMENT(.ramfunc.$SRAM4))
 *(SORT_BY_ALIGNMENT(.data.$RAM5))
 *(SORT_BY_ALIGNMENT(.data.$SRAM4))
 *(SORT_BY_ALIGNMENT(.data.$RAM5.*))
 *(SORT_BY_ALIGNMENT(.data.$SRAM4.*))
                0x20040000                        . = ALIGN (0x4)
                [!provide]                        PROVIDE (__end_data_RAM5 = .)
                [!provide]                        PROVIDE (__end_data_SRAM4 = .)

.uninit_RESERVED
                0x20035448        0x0
                0x20035448                        _start_uninit_RESERVED = .
 *(SORT_BY_ALIGNMENT(.bss.$RESERVED*))
                0x20035448                        . = ALIGN (0x4)
                0x20035448                        _end_uninit_RESERVED = .

.data           0x20035448      0x570
 FILL mask 0xff
                0x20035448                        _data = .
                [!provide]                        PROVIDE (__start_data_RAM = .)
                [!provide]                        PROVIDE (__start_data_SRAM = .)
 *(SORT_BY_ALIGNMENT(vtable))
 *(SORT_BY_ALIGNMENT(.ramfunc*))
 *(SORT_BY_ALIGNMENT(CodeQuickAccess))
 *(SORT_BY_ALIGNMENT(DataQuickAccess))
 *(SORT_BY_ALIGNMENT(RamFunction))
 *(SORT_BY_ALIGNMENT(.data*))
 .data.__malloc_av_
                0x20035448      0x408 c:/nxp/mcuxpressoide_11.9.0_2144/ide/plugins/com.nxp.mcuxpresso.tools.win32_11.9.0.202307121226/tools/bin/../lib/gcc/arm-none-eabi/12.3.1/thumb/v8-m.main/nofp\libc.a(libc_a-mallocr.o)
                0x20035448                __malloc_av_
 .data._impure_data
                0x20035850      0x120 c:/nxp/mcuxpressoide_11.9.0_2144/ide/plugins/com.nxp.mcuxpresso.tools.win32_11.9.0.202307121226/tools/bin/../lib/gcc/arm-none-eabi/12.3.1/thumb/v8-m.main/nofp\libc.a(libc_a-impure.o)
                0x20035850                _impure_data
 .data.shdata   0x20035970        0x4 ./source/main_core1.o
                0x20035970                shdata
 .data.disp     0x20035974       0x30 ./lcd/lcd.o
                0x20035974                disp
 .data.lcd_cur.0
                0x200359a4        0x4 ./lcd/lcd.o
 .data.s_Ext_Clk_Freq
                0x200359a8        0x4 ./drivers/fsl_clock.o
 .data.__malloc_sbrk_base
                0x200359ac        0x4 c:/nxp/mcuxpressoide_11.9.0_2144/ide/plugins/com.nxp.mcuxpresso.tools.win32_11.9.0.202307121226/tools/bin/../lib/gcc/arm-none-eabi/12.3.1/thumb/v8-m.main/nofp\libc.a(libc_a-mallocr.o)
                0x200359ac                __malloc_sbrk_base
 .data.__malloc_trim_threshold
                0x200359b0        0x4 c:/nxp/mcuxpressoide_11.9.0_2144/ide/plugins/com.nxp.mcuxpresso.tools.win32_11.9.0.202307121226/tools/bin/../lib/gcc/arm-none-eabi/12.3.1/thumb/v8-m.main/nofp\libc.a(libc_a-mallocr.o)
                0x200359b0                __malloc_trim_threshold
 .data._impure_ptr
                0x200359b4        0x4 c:/nxp/mcuxpressoide_11.9.0_2144/ide/plugins/com.nxp.mcuxpresso.tools.win32_11.9.0.202307121226/tools/bin/../lib/gcc/arm-none-eabi/12.3.1/thumb/v8-m.main/nofp\libc.a(libc_a-impure.o)
                0x200359b4                _impure_ptr
                0x200359b8                        . = ALIGN (0x4)
                0x200359b8                        _edata = .
                [!provide]                        PROVIDE (__end_data_RAM = .)
                [!provide]                        PROVIDE (__end_data_SRAM = .)

.igot.plt       0x200359b8        0x0
 .igot.plt      0x200359b8        0x0 ./utilities/fsl_assert.o

.bss_RAM2       0x2003c000        0x0
                [!provide]                        PROVIDE (__start_bss_RAM2 = .)
                [!provide]                        PROVIDE (__start_bss_shmem = .)
 *(SORT_BY_ALIGNMENT(.bss.$RAM2))
 *(SORT_BY_ALIGNMENT(.bss.$shmem))
 *(SORT_BY_ALIGNMENT(.bss.$RAM2.*))
 *(SORT_BY_ALIGNMENT(.bss.$shmem.*))
                0x2003c000                        . = ALIGN ((. != 0x0)?0x4:0x1)
                [!provide]                        PROVIDE (__end_bss_RAM2 = .)
                [!provide]                        PROVIDE (__end_bss_shmem = .)

.bss_RAM3       0x04000000        0x0
                [!provide]                        PROVIDE (__start_bss_RAM3 = .)
                [!provide]                        PROVIDE (__start_bss_SRAMX = .)
 *(SORT_BY_ALIGNMENT(.bss.$RAM3))
 *(SORT_BY_ALIGNMENT(.bss.$SRAMX))
 *(SORT_BY_ALIGNMENT(.bss.$RAM3.*))
 *(SORT_BY_ALIGNMENT(.bss.$SRAMX.*))
                0x04000000                        . = ALIGN ((. != 0x0)?0x4:0x1)
                [!provide]                        PROVIDE (__end_bss_RAM3 = .)
                [!provide]                        PROVIDE (__end_bss_SRAMX = .)

.bss_RAM4       0x40100000        0x0
                [!provide]                        PROVIDE (__start_bss_RAM4 = .)
                [!provide]                        PROVIDE (__start_bss_USB_RAM = .)
 *(SORT_BY_ALIGNMENT(.bss.$RAM4))
 *(SORT_BY_ALIGNMENT(.bss.$USB_RAM))
 *(SORT_BY_ALIGNMENT(.bss.$RAM4.*))
 *(SORT_BY_ALIGNMENT(.bss.$USB_RAM.*))
                0x40100000                        . = ALIGN ((. != 0x0)?0x4:0x1)
                [!provide]                        PROVIDE (__end_bss_RAM4 = .)
                [!provide]                        PROVIDE (__end_bss_USB_RAM = .)

.bss_RAM5       0x20040000        0x0
                [!provide]                        PROVIDE (__start_bss_RAM5 = .)
                [!provide]                        PROVIDE (__start_bss_SRAM4 = .)
 *(SORT_BY_ALIGNMENT(.bss.$RAM5))
 *(SORT_BY_ALIGNMENT(.bss.$SRAM4))
 *(SORT_BY_ALIGNMENT(.bss.$RAM5.*))
 *(SORT_BY_ALIGNMENT(.bss.$SRAM4.*))
                0x20040000                        . = ALIGN ((. != 0x0)?0x4:0x1)
                [!provide]                        PROVIDE (__end_bss_RAM5 = .)
                [!provide]                        PROVIDE (__end_bss_SRAM4 = .)

.bss            0x200359b8      0x408
                0x200359b8                        _bss = .
                [!provide]                        PROVIDE (__start_bss_RAM = .)
                [!provide]                        PROVIDE (__start_bss_SRAM = .)
 *(SORT_BY_ALIGNMENT(.bss*))
 .bss.s_debugConsoleState
                0x200359b8       0x20 ./utilities/fsl_debug_console.o
 .bss.g_serialHandle
                0x200359d8        0x4 ./utilities/fsl_debug_console.o
                0x200359d8                g_serialHandle
 .bss.evq       0x200359dc      0x1e0 ./source/main_core1.o
                0x200359dc                evq
 .bss.evq_rd    0x20035bbc        0x4 ./source/main_core1.o
                0x20035bbc                evq_rd
 .bss.evq_wr    0x20035bc0        0x4 ./source/main_core1.o
                0x20035bc0                evq_wr
 .bss.xlc       0x20035bc4        0x4 ./lcd/lcd_dpy.o
 .bss.ytc       0x20035bc8        0x4 ./lcd/lcd_dpy.o
 .bss.xrc       0x20035bcc        0x4 ./lcd/lcd_dpy.o
 .bss.ybc       0x20035bd0        0x4 ./lcd/lcd_dpy.o
 .bss.clipped   0x20035bd4        0x4 ./lcd/lcd_dpy.o
 .bss.s_Pll0_Freq
                0x20035bd8        0x4 ./drivers/fsl_clock.o
 .bss.s_Pll1_Freq
                0x20035bdc        0x4 ./drivers/fsl_clock.o
 .bss.s_I2S_Mclk_Freq
                0x20035be0        0x4 ./drivers/fsl_clock.o
 .bss.s_ctimerCallback
                0x20035be4       0x14 ./drivers/fsl_ctimer.o
 .bss.ctimerCallbackType
                0x20035bf8        0x5 ./drivers/fsl_ctimer.o
 *fill*         0x20035bfd        0x3 
 .bss.s_flexcommIrqHandler
                0x20035c00       0x24 ./drivers/fsl_flexcomm.o
 .bss.s_flexcommHandle
                0x20035c24       0x24 ./drivers/fsl_flexcomm.o
 .bss.__malloc_current_mallinfo
                0x20035c48       0x28 c:/nxp/mcuxpressoide_11.9.0_2144/ide/plugins/com.nxp.mcuxpresso.tools.win32_11.9.0.202307121226/tools/bin/../lib/gcc/arm-none-eabi/12.3.1/thumb/v8-m.main/nofp\libc.a(libc_a-mallocr.o)
                0x20035c48                __malloc_current_mallinfo
 .bss.__malloc_max_total_mem
                0x20035c70        0x4 c:/nxp/mcuxpressoide_11.9.0_2144/ide/plugins/com.nxp.mcuxpresso.tools.win32_11.9.0.202307121226/tools/bin/../lib/gcc/arm-none-eabi/12.3.1/thumb/v8-m.main/nofp\libc.a(libc_a-mallocr.o)
                0x20035c70                __malloc_max_total_mem
 .bss.__malloc_max_sbrked_mem
                0x20035c74        0x4 c:/nxp/mcuxpressoide_11.9.0_2144/ide/plugins/com.nxp.mcuxpresso.tools.win32_11.9.0.202307121226/tools/bin/../lib/gcc/arm-none-eabi/12.3.1/thumb/v8-m.main/nofp\libc.a(libc_a-mallocr.o)
                0x20035c74                __malloc_max_sbrked_mem
 .bss.__malloc_top_pad
                0x20035c78        0x4 c:/nxp/mcuxpressoide_11.9.0_2144/ide/plugins/com.nxp.mcuxpresso.tools.win32_11.9.0.202307121226/tools/bin/../lib/gcc/arm-none-eabi/12.3.1/thumb/v8-m.main/nofp\libc.a(libc_a-mallocr.o)
                0x20035c78                __malloc_top_pad
 .bss.__lock___malloc_recursive_mutex
                0x20035c7c        0x1 c:/nxp/mcuxpressoide_11.9.0_2144/ide/plugins/com.nxp.mcuxpresso.tools.win32_11.9.0.202307121226/tools/bin/../lib/gcc/arm-none-eabi/12.3.1/thumb/v8-m.main/nofp\libc.a(libc_a-lock.o)
                0x20035c7c                __lock___malloc_recursive_mutex
 *fill*         0x20035c7d        0x3 
 .bss.__sf      0x20035c80      0x138 c:/nxp/mcuxpressoide_11.9.0_2144/ide/plugins/com.nxp.mcuxpresso.tools.win32_11.9.0.202307121226/tools/bin/../lib/gcc/arm-none-eabi/12.3.1/thumb/v8-m.main/nofp\libc.a(libc_a-findfp.o)
                0x20035c80                __sf
 .bss.errno     0x20035db8        0x4 c:/nxp/mcuxpressoide_11.9.0_2144/ide/plugins/com.nxp.mcuxpresso.tools.win32_11.9.0.202307121226/tools/bin/../lib/gcc/arm-none-eabi/12.3.1/thumb/v8-m.main/nofp\libc.a(libc_a-reent.o)
                0x20035db8                errno
 .bss.__end_of_heap
                0x20035dbc        0x4 c:/nxp/mcuxpressoide_11.9.0_2144/ide/plugins/com.nxp.mcuxpresso.tools.win32_11.9.0.202307121226/tools/bin/../lib/gcc/arm-none-eabi/12.3.1/../../../../arm-none-eabi/lib/thumb/v8-m.main/nofp\libcr_newlib_nohost.a(_cr_sbrk.o)
                0x20035dbc                __end_of_heap
 *(SORT_BY_ALIGNMENT(COMMON))
                0x20035dc0                        . = ALIGN (0x4)
                0x20035dc0                        _ebss = .
                [!provide]                        PROVIDE (__end_bss_RAM = .)
                [!provide]                        PROVIDE (__end_bss_SRAM = .)
                [!provide]                        PROVIDE (end = .)

.noinit_RAM2    0x2003c000        0x0
                [!provide]                        PROVIDE (__start_noinit_RAM2 = .)
                0x2003c000                        PROVIDE (__start_noinit_shmem = .)
 *(SORT_BY_ALIGNMENT(.noinit.$RAM2))
 *(SORT_BY_ALIGNMENT(.noinit.$shmem))
 *(SORT_BY_ALIGNMENT(.noinit.$RAM2.*))
 *(SORT_BY_ALIGNMENT(.noinit.$shmem.*))
                0x2003c000                        . = ALIGN (0x4)
                [!provide]                        PROVIDE (__end_noinit_RAM2 = .)
                [!provide]                        PROVIDE (__end_noinit_shmem = .)

.noinit_RAM3    0x04000000        0x0
                [!provide]                        PROVIDE (__start_noinit_RAM3 = .)
                [!provide]                        PROVIDE (__start_noinit_SRAMX = .)
 *(SORT_BY_ALIGNMENT(.noinit.$RAM3))
 *(SORT_BY_ALIGNMENT(.noinit.$SRAMX))
 *(SORT_BY_ALIGNMENT(.noinit.$RAM3.*))
 *(SORT_BY_ALIGNMENT(.noinit.$SRAMX.*))
                0x04000000                        . = ALIGN (0x4)
                [!provide]                        PROVIDE (__end_noinit_RAM3 = .)
                [!provide]                        PROVIDE (__end_noinit_SRAMX = .)

.noinit_RAM4    0x40100000        0x0
                [!provide]                        PROVIDE (__start_noinit_RAM4 = .)
                [!provide]                        PROVIDE (__start_noinit_USB_RAM = .)
 *(SORT_BY_ALIGNMENT(.noinit.$RAM4))
 *(SORT_BY_ALIGNMENT(.noinit.$USB_RAM))
 *(SORT_BY_ALIGNMENT(.noinit.$RAM4.*))
 *(SORT_BY_ALIGNMENT(.noinit.$USB_RAM.*))
                0x40100000                        . = ALIGN (0x4)
                [!provide]                        PROVIDE (__end_noinit_RAM4 = .)
                [!provide]                        PROVIDE (__end_noinit_USB_RAM = .)

.noinit_RAM5    0x20040000        0x0
                [!provide]                        PROVIDE (__start_noinit_RAM5 = .)
                [!provide]                        PROVIDE (__start_noinit_SRAM4 = .)
 *(SORT_BY_ALIGNMENT(.noinit.$RAM5))
 *(SORT_BY_ALIGNMENT(.noinit.$SRAM4))
 *(SORT_BY_ALIGNMENT(.noinit.$RAM5.*))
 *(SORT_BY_ALIGNMENT(.noinit.$SRAM4.*))
                0x20040000                        . = ALIGN (0x4)
                [!provide]                        PROVIDE (__end_noinit_RAM5 = .)
                [!provide]                        PROVIDE (__end_noinit_SRAM4 = .)

.noinit         0x20035dc0        0x0
                0x20035dc0                        _noinit = .
                [!provide]                        PROVIDE (__start_noinit_RAM = .)
                [!provide]                        PROVIDE (__start_noinit_SRAM = .)
 *(SORT_BY_ALIGNMENT(.noinit*))
                0x20035dc0                        . = ALIGN (0x4)
                0x20035dc0                        _end_noinit = .
                [!provide]                        PROVIDE (__end_noinit_RAM = .)
                [!provide]                        PROVIDE (__end_noinit_SRAM = .)
                0x00000c00                        _HeapSize = 0xc00

.heap           0x20035dc0      0xc00
                0x20035dc0                        _pvHeapStart = .
                0x200369c0                        . = (. + _HeapSize)
 *fill*         0x20035dc0      0xc00 
                0x200369c0                        . = ALIGN (0x4)
                0x200369c0                        _pvHeapLimit = .
                0x00000c00                        _StackSize = 0xc00

.heap2stackfill
                0x200369c0      0xc00
                0x200375c0                        . = (. + _StackSize)
 *fill*         0x200369c0      0xc00 

.stack          0x2003b400        0x0
                0x2003b400                        _vStackBase = .
                0x2003b400                        . = ALIGN (0x4)
                0x2003c000                        _vStackTop = (. + _StackSize)
                0x20030000                        _image_start = LOADADDR (.text)
                0x200359b8                        _image_end = (LOADADDR (.data) + SIZEOF (.data))
                0x000059b8                        _image_size = (_image_end - _image_start)
OUTPUT(lpc55s69_calc_starter_slave.axf elf32-littlearm)
LOAD linker stubs

.debug_info     0x00000000    0x179b6
 .debug_info    0x00000000      0x13e ./utilities/fsl_assert.o
 .debug_info    0x0000013e      0xe88 ./utilities/fsl_debug_console.o
 .debug_info    0x00000fc6      0xd6b ./utilities/fsl_str.o
 .debug_info    0x00001d31      0x9cc ./startup/startup_lpc55s69_cm33_core1.o
 .debug_info    0x000026fd     0x11eb ./source/main_core1.o
 .debug_info    0x000038e8       0x3c ./source/semihost_hardfault.o
 .debug_info    0x00003924      0x114 ./lcd/fonts/fixed12.o
 .debug_info    0x00003a38      0xab8 ./lcd/lcd.o
 .debug_info    0x000044f0     0x1a19 ./lcd/lcd_dpy.o
 .debug_info    0x00005f09     0x20a4 ./lcd/lcd_private.o
 .debug_info    0x00007fad      0xb24 ./lcd/lcd_ts.o
 .debug_info    0x00008ad1     0x3504 ./drivers/fsl_clock.o
 .debug_info    0x0000bfd5     0x23a3 ./drivers/fsl_ctimer.o
 .debug_info    0x0000e378     0x1bf1 ./drivers/fsl_flexcomm.o
 .debug_info    0x0000ff69     0x1804 ./drivers/fsl_gpio.o
 .debug_info    0x0001176d      0xf69 ./drivers/fsl_reset.o
 .debug_info    0x000126d6     0x1af9 ./drivers/fsl_usart.o
 .debug_info    0x000141cf     0x14bd ./device/system_LPC55S69_cm33_core1.o
 .debug_info    0x0001568c      0xe25 ./component/uart/fsl_adapter_usart.o
 .debug_info    0x000164b1      0xdf7 ./component/serial_manager/fsl_component_serial_manager.o
 .debug_info    0x000172a8      0x55f ./component/serial_manager/fsl_component_serial_port_uart.o
 .debug_info    0x00017807      0x13e c:/nxp/mcuxpressoide_11.9.0_2144/ide/plugins/com.nxp.mcuxpresso.tools.win32_11.9.0.202307121226/tools/bin/../lib/gcc/arm-none-eabi/12.3.1/../../../../arm-none-eabi/lib/thumb/v8-m.main/nofp\libcr_newlib_nohost.a(_cr_sbrk.o)
 .debug_info    0x00017945       0x71 c:/nxp/mcuxpressoide_11.9.0_2144/ide/plugins/com.nxp.mcuxpresso.tools.win32_11.9.0.202307121226/tools/bin/../lib/gcc/arm-none-eabi/12.3.1/../../../../arm-none-eabi/lib/thumb/v8-m.main/nofp\libcr_newlib_nohost.a(_cr_check_heap.o)

.debug_abbrev   0x00000000     0x320c
 .debug_abbrev  0x00000000       0xac ./utilities/fsl_assert.o
 .debug_abbrev  0x000000ac      0x270 ./utilities/fsl_debug_console.o
 .debug_abbrev  0x0000031c      0x26b ./utilities/fsl_str.o
 .debug_abbrev  0x00000587      0x167 ./startup/startup_lpc55s69_cm33_core1.o
 .debug_abbrev  0x000006ee      0x2fd ./source/main_core1.o
 .debug_abbrev  0x000009eb       0x31 ./source/semihost_hardfault.o
 .debug_abbrev  0x00000a1c       0xb1 ./lcd/fonts/fixed12.o
 .debug_abbrev  0x00000acd      0x23f ./lcd/lcd.o
 .debug_abbrev  0x00000d0c      0x3ae ./lcd/lcd_dpy.o
 .debug_abbrev  0x000010ba      0x36d ./lcd/lcd_private.o
 .debug_abbrev  0x00001427      0x254 ./lcd/lcd_ts.o
 .debug_abbrev  0x0000167b      0x3b5 ./drivers/fsl_clock.o
 .debug_abbrev  0x00001a30      0x3da ./drivers/fsl_ctimer.o
 .debug_abbrev  0x00001e0a      0x2cb ./drivers/fsl_flexcomm.o
 .debug_abbrev  0x000020d5      0x251 ./drivers/fsl_gpio.o
 .debug_abbrev  0x00002326      0x175 ./drivers/fsl_reset.o
 .debug_abbrev  0x0000249b      0x35c ./drivers/fsl_usart.o
 .debug_abbrev  0x000027f7      0x203 ./device/system_LPC55S69_cm33_core1.o
 .debug_abbrev  0x000029fa      0x256 ./component/uart/fsl_adapter_usart.o
 .debug_abbrev  0x00002c50      0x2bb ./component/serial_manager/fsl_component_serial_manager.o
 .debug_abbrev  0x00002f0b      0x18c ./component/serial_manager/fsl_component_serial_port_uart.o
 .debug_abbrev  0x00003097      0x10a c:/nxp/mcuxpressoide_11.9.0_2144/ide/plugins/com.nxp.mcuxpresso.tools.win32_11.9.0.202307121226/tools/bin/../lib/gcc/arm-none-eabi/12.3.1/../../../../arm-none-eabi/lib/thumb/v8-m.main/nofp\libcr_newlib_nohost.a(_cr_sbrk.o)
 .debug_abbrev  0x000031a1       0x6b c:/nxp/mcuxpressoide_11.9.0_2144/ide/plugins/com.nxp.mcuxpresso.tools.win32_11.9.0.202307121226/tools/bin/../lib/gcc/arm-none-eabi/12.3.1/../../../../arm-none-eabi/lib/thumb/v8-m.main/nofp\libcr_newlib_nohost.a(_cr_check_heap.o)

.debug_aranges  0x00000000      0xda8
 .debug_aranges
                0x00000000       0x28 ./utilities/fsl_assert.o
 .debug_aranges
                0x00000028       0xa8 ./utilities/fsl_debug_console.o
 .debug_aranges
                0x000000d0       0xe8 ./utilities/fsl_str.o
 .debug_aranges
                0x000001b8      0x268 ./startup/startup_lpc55s69_cm33_core1.o
 .debug_aranges
                0x00000420       0x58 ./source/main_core1.o
 .debug_aranges
                0x00000478       0x20 ./source/semihost_hardfault.o
 .debug_aranges
                0x00000498       0x18 ./lcd/fonts/fixed12.o
 .debug_aranges
                0x000004b0       0x30 ./lcd/lcd.o
 .debug_aranges
                0x000004e0      0x100 ./lcd/lcd_dpy.o
 .debug_aranges
                0x000005e0       0x68 ./lcd/lcd_private.o
 .debug_aranges
                0x00000648       0x60 ./lcd/lcd_ts.o
 .debug_aranges
                0x000006a8      0x228 ./drivers/fsl_clock.o
 .debug_aranges
                0x000008d0       0xe0 ./drivers/fsl_ctimer.o
 .debug_aranges
                0x000009b0       0x90 ./drivers/fsl_flexcomm.o
 .debug_aranges
                0x00000a40       0x38 ./drivers/fsl_gpio.o
 .debug_aranges
                0x00000a78       0x30 ./drivers/fsl_reset.o
 .debug_aranges
                0x00000aa8       0xf8 ./drivers/fsl_usart.o
 .debug_aranges
                0x00000ba0       0x88 ./device/system_LPC55S69_cm33_core1.o
 .debug_aranges
                0x00000c28       0x58 ./component/uart/fsl_adapter_usart.o
 .debug_aranges
                0x00000c80       0xa0 ./component/serial_manager/fsl_component_serial_manager.o
 .debug_aranges
                0x00000d20       0x48 ./component/serial_manager/fsl_component_serial_port_uart.o
 .debug_aranges
                0x00000d68       0x20 c:/nxp/mcuxpressoide_11.9.0_2144/ide/plugins/com.nxp.mcuxpresso.tools.win32_11.9.0.202307121226/tools/bin/../lib/gcc/arm-none-eabi/12.3.1/../../../../arm-none-eabi/lib/thumb/v8-m.main/nofp\libcr_newlib_nohost.a(_cr_sbrk.o)
 .debug_aranges
                0x00000d88       0x20 c:/nxp/mcuxpressoide_11.9.0_2144/ide/plugins/com.nxp.mcuxpresso.tools.win32_11.9.0.202307121226/tools/bin/../lib/gcc/arm-none-eabi/12.3.1/../../../../arm-none-eabi/lib/thumb/v8-m.main/nofp\libcr_newlib_nohost.a(_cr_check_heap.o)

.debug_ranges   0x00000000      0xc60
 .debug_ranges  0x00000000       0x18 ./utilities/fsl_assert.o
 .debug_ranges  0x00000018       0x98 ./utilities/fsl_debug_console.o
 .debug_ranges  0x000000b0      0x108 ./utilities/fsl_str.o
 .debug_ranges  0x000001b8      0x258 ./startup/startup_lpc55s69_cm33_core1.o
 .debug_ranges  0x00000410       0x48 ./source/main_core1.o
 .debug_ranges  0x00000458       0x10 ./source/semihost_hardfault.o
 .debug_ranges  0x00000468       0x20 ./lcd/lcd.o
 .debug_ranges  0x00000488       0xf0 ./lcd/lcd_dpy.o
 .debug_ranges  0x00000578       0x58 ./lcd/lcd_private.o
 .debug_ranges  0x000005d0       0x50 ./lcd/lcd_ts.o
 .debug_ranges  0x00000620      0x218 ./drivers/fsl_clock.o
 .debug_ranges  0x00000838       0xd0 ./drivers/fsl_ctimer.o
 .debug_ranges  0x00000908       0x80 ./drivers/fsl_flexcomm.o
 .debug_ranges  0x00000988       0x28 ./drivers/fsl_gpio.o
 .debug_ranges  0x000009b0       0x20 ./drivers/fsl_reset.o
 .debug_ranges  0x000009d0       0xe8 ./drivers/fsl_usart.o
 .debug_ranges  0x00000ab8       0x78 ./device/system_LPC55S69_cm33_core1.o
 .debug_ranges  0x00000b30       0x48 ./component/uart/fsl_adapter_usart.o
 .debug_ranges  0x00000b78       0x90 ./component/serial_manager/fsl_component_serial_manager.o
 .debug_ranges  0x00000c08       0x38 ./component/serial_manager/fsl_component_serial_port_uart.o
 .debug_ranges  0x00000c40       0x10 c:/nxp/mcuxpressoide_11.9.0_2144/ide/plugins/com.nxp.mcuxpresso.tools.win32_11.9.0.202307121226/tools/bin/../lib/gcc/arm-none-eabi/12.3.1/../../../../arm-none-eabi/lib/thumb/v8-m.main/nofp\libcr_newlib_nohost.a(_cr_sbrk.o)
 .debug_ranges  0x00000c50       0x10 c:/nxp/mcuxpressoide_11.9.0_2144/ide/plugins/com.nxp.mcuxpresso.tools.win32_11.9.0.202307121226/tools/bin/../lib/gcc/arm-none-eabi/12.3.1/../../../../arm-none-eabi/lib/thumb/v8-m.main/nofp\libcr_newlib_nohost.a(_cr_check_heap.o)

.debug_macro    0x00000000    0x1998f
 .debug_macro   0x00000000      0x23d ./utilities/fsl_assert.o
 .debug_macro   0x0000023d      0xae4 ./utilities/fsl_assert.o
 .debug_macro   0x00000d21       0x22 ./utilities/fsl_assert.o
 .debug_macro   0x00000d43       0x75 ./utilities/fsl_assert.o
 .debug_macro   0x00000db8       0x24 ./utilities/fsl_assert.o
 .debug_macro   0x00000ddc       0x94 ./utilities/fsl_assert.o
 .debug_macro   0x00000e70       0x3c ./utilities/fsl_assert.o
 .debug_macro   0x00000eac       0x34 ./utilities/fsl_assert.o
 .debug_macro   0x00000ee0       0x1c ./utilities/fsl_assert.o
 .debug_macro   0x00000efc       0x22 ./utilities/fsl_assert.o
 .debug_macro   0x00000f1e      0x34e ./utilities/fsl_assert.o
 .debug_macro   0x0000126c      0x189 ./utilities/fsl_assert.o
 .debug_macro   0x000013f5       0x16 ./utilities/fsl_assert.o
 .debug_macro   0x0000140b       0x43 ./utilities/fsl_assert.o
 .debug_macro   0x0000144e       0x57 ./utilities/fsl_assert.o
 .debug_macro   0x000014a5       0x34 ./utilities/fsl_assert.o
 .debug_macro   0x000014d9       0x10 ./utilities/fsl_assert.o
 .debug_macro   0x000014e9       0x58 ./utilities/fsl_assert.o
 .debug_macro   0x00001541      0x1de ./utilities/fsl_assert.o
 .debug_macro   0x0000171f      0x369 ./utilities/fsl_assert.o
 .debug_macro   0x00001a88       0x10 ./utilities/fsl_assert.o
 .debug_macro   0x00001a98       0x35 ./utilities/fsl_assert.o
 .debug_macro   0x00001acd       0x16 ./utilities/fsl_assert.o
 .debug_macro   0x00001ae3       0x16 ./utilities/fsl_assert.o
 .debug_macro   0x00001af9       0x29 ./utilities/fsl_assert.o
 .debug_macro   0x00001b22       0x10 ./utilities/fsl_assert.o
 .debug_macro   0x00001b32       0x46 ./utilities/fsl_assert.o
 .debug_macro   0x00001b78       0x1c ./utilities/fsl_assert.o
 .debug_macro   0x00001b94       0x2a ./utilities/fsl_assert.o
 .debug_macro   0x00001bbe       0xdf ./utilities/fsl_assert.o
 .debug_macro   0x00001c9d     0x153c ./utilities/fsl_assert.o
 .debug_macro   0x000031d9       0x2e ./utilities/fsl_assert.o
 .debug_macro   0x00003207    0x116e8 ./utilities/fsl_assert.o
 .debug_macro   0x000148ef      0x4f1 ./utilities/fsl_assert.o
 .debug_macro   0x00014de0       0x7a ./utilities/fsl_assert.o
 .debug_macro   0x00014e5a       0xaf ./utilities/fsl_assert.o
 .debug_macro   0x00014f09      0x2ca ./utilities/fsl_assert.o
 .debug_macro   0x000151d3       0x16 ./utilities/fsl_assert.o
 .debug_macro   0x000151e9      0x11f ./utilities/fsl_assert.o
 .debug_macro   0x00015308       0x70 ./utilities/fsl_assert.o
 .debug_macro   0x00015378       0x47 ./utilities/fsl_assert.o
 .debug_macro   0x000153bf       0x16 ./utilities/fsl_assert.o
 .debug_macro   0x000153d5       0x6d ./utilities/fsl_assert.o
 .debug_macro   0x00015442       0x16 ./utilities/fsl_assert.o
 .debug_macro   0x00015458       0x58 ./utilities/fsl_assert.o
 .debug_macro   0x000154b0       0x1c ./utilities/fsl_assert.o
 .debug_macro   0x000154cc      0x297 ./utilities/fsl_debug_console.o
 .debug_macro   0x00015763      0x11c ./utilities/fsl_debug_console.o
 .debug_macro   0x0001587f       0x94 ./utilities/fsl_debug_console.o
 .debug_macro   0x00015913       0x16 ./utilities/fsl_debug_console.o
 .debug_macro   0x00015929       0x3c ./utilities/fsl_debug_console.o
 .debug_macro   0x00015965       0x22 ./utilities/fsl_debug_console.o
 .debug_macro   0x00015987       0x34 ./utilities/fsl_debug_console.o
 .debug_macro   0x000159bb      0x239 ./utilities/fsl_str.o
 .debug_macro   0x00015bf4      0x19b ./utilities/fsl_str.o
 .debug_macro   0x00015d8f       0x10 ./utilities/fsl_str.o
 .debug_macro   0x00015d9f      0x242 ./utilities/fsl_str.o
 .debug_macro   0x00015fe1       0x1c ./utilities/fsl_str.o
 .debug_macro   0x00015ffd       0x29 ./startup/startup_lpc55s69_cm33_core1.o
 .debug_macro   0x00016026      0x2d5 ./source/main_core1.o
 .debug_macro   0x000162fb      0x88e ./source/main_core1.o
 .debug_macro   0x00016b89       0x2f ./source/main_core1.o
 .debug_macro   0x00016bb8       0x10 ./source/main_core1.o
 .debug_macro   0x00016bc8       0xfe ./source/main_core1.o
 .debug_macro   0x00016cc6      0x1f0 ./source/main_core1.o
 .debug_macro   0x00016eb6      0x304 ./source/main_core1.o
 .debug_macro   0x000171ba      0x100 ./source/main_core1.o
 .debug_macro   0x000172ba       0x11 ./source/semihost_hardfault.o
 .debug_macro   0x000172cb       0x33 ./lcd/fonts/fixed12.o
 .debug_macro   0x000172fe       0xfa ./lcd/fonts/fixed12.o
 .debug_macro   0x000173f8      0x21e ./lcd/lcd.o
 .debug_macro   0x00017616       0x6c ./lcd/lcd.o
 .debug_macro   0x00017682       0x5e ./lcd/lcd.o
 .debug_macro   0x000176e0      0x24d ./lcd/lcd_dpy.o
 .debug_macro   0x0001792d      0x118 ./lcd/lcd_dpy.o
 .debug_macro   0x00017a45      0x27d ./lcd/lcd_private.o
 .debug_macro   0x00017cc2       0x10 ./lcd/lcd_private.o
 .debug_macro   0x00017cd2       0x10 ./lcd/lcd_private.o
 .debug_macro   0x00017ce2       0x46 ./lcd/lcd_private.o
 .debug_macro   0x00017d28      0x426 ./lcd/lcd_ts.o
 .debug_macro   0x0001814e       0x16 ./lcd/lcd_ts.o
 .debug_macro   0x00018164       0x9e ./lcd/lcd_ts.o
 .debug_macro   0x00018202      0x10b ./lcd/lcd_ts.o
 .debug_macro   0x0001830d       0x10 ./lcd/lcd_ts.o
 .debug_macro   0x0001831d       0x16 ./lcd/lcd_ts.o
 .debug_macro   0x00018333       0x16 ./lcd/lcd_ts.o
 .debug_macro   0x00018349      0x170 ./lcd/lcd_ts.o
 .debug_macro   0x000184b9      0x295 ./drivers/fsl_clock.o
 .debug_macro   0x0001874e      0x206 ./drivers/fsl_ctimer.o
 .debug_macro   0x00018954      0x1ff ./drivers/fsl_flexcomm.o
 .debug_macro   0x00018b53      0x206 ./drivers/fsl_gpio.o
 .debug_macro   0x00018d59      0x1f6 ./drivers/fsl_reset.o
 .debug_macro   0x00018f4f      0x20e ./drivers/fsl_usart.o
 .debug_macro   0x0001915d       0x1c ./drivers/fsl_usart.o
 .debug_macro   0x00019179       0x98 ./device/system_LPC55S69_cm33_core1.o
 .debug_macro   0x00019211      0x20b ./component/uart/fsl_adapter_usart.o
 .debug_macro   0x0001941c       0x22 ./component/uart/fsl_adapter_usart.o
 .debug_macro   0x0001943e       0x47 ./component/uart/fsl_adapter_usart.o
 .debug_macro   0x00019485      0x26e ./component/serial_manager/fsl_component_serial_manager.o
 .debug_macro   0x000196f3       0x6a ./component/serial_manager/fsl_component_serial_manager.o
 .debug_macro   0x0001975d      0x232 ./component/serial_manager/fsl_component_serial_port_uart.o

.debug_line     0x00000000     0xccad
 .debug_line    0x00000000      0x732 ./utilities/fsl_assert.o
 .debug_line    0x00000732      0xb2e ./utilities/fsl_debug_console.o
 .debug_line    0x00001260      0xe64 ./utilities/fsl_str.o
 .debug_line    0x000020c4      0x831 ./startup/startup_lpc55s69_cm33_core1.o
 .debug_line    0x000028f5      0xa1d ./source/main_core1.o
 .debug_line    0x00003312       0x59 ./source/semihost_hardfault.o
 .debug_line    0x0000336b       0xf7 ./lcd/fonts/fixed12.o
 .debug_line    0x00003462      0x61d ./lcd/lcd.o
 .debug_line    0x00003a7f     0x13a9 ./lcd/lcd_dpy.o
 .debug_line    0x00004e28      0x9b6 ./lcd/lcd_private.o
 .debug_line    0x000057de      0x7f3 ./lcd/lcd_ts.o
 .debug_line    0x00005fd1     0x1a31 ./drivers/fsl_clock.o
 .debug_line    0x00007a02      0xafe ./drivers/fsl_ctimer.o
 .debug_line    0x00008500      0x80f ./drivers/fsl_flexcomm.o
 .debug_line    0x00008d0f      0x5f5 ./drivers/fsl_gpio.o
 .debug_line    0x00009304      0x5dc ./drivers/fsl_reset.o
 .debug_line    0x000098e0     0x11d2 ./drivers/fsl_usart.o
 .debug_line    0x0000aab2      0x63c ./device/system_LPC55S69_cm33_core1.o
 .debug_line    0x0000b0ee      0x7aa ./component/uart/fsl_adapter_usart.o
 .debug_line    0x0000b898      0xa13 ./component/serial_manager/fsl_component_serial_manager.o
 .debug_line    0x0000c2ab      0x7ca ./component/serial_manager/fsl_component_serial_port_uart.o
 .debug_line    0x0000ca75      0x1d7 c:/nxp/mcuxpressoide_11.9.0_2144/ide/plugins/com.nxp.mcuxpresso.tools.win32_11.9.0.202307121226/tools/bin/../lib/gcc/arm-none-eabi/12.3.1/../../../../arm-none-eabi/lib/thumb/v8-m.main/nofp\libcr_newlib_nohost.a(_cr_sbrk.o)
 .debug_line    0x0000cc4c       0x61 c:/nxp/mcuxpressoide_11.9.0_2144/ide/plugins/com.nxp.mcuxpresso.tools.win32_11.9.0.202307121226/tools/bin/../lib/gcc/arm-none-eabi/12.3.1/../../../../arm-none-eabi/lib/thumb/v8-m.main/nofp\libcr_newlib_nohost.a(_cr_check_heap.o)

.debug_str      0x00000000    0xc62e0
 .debug_str     0x00000000    0xb56a2 ./utilities/fsl_assert.o
                              0xb58e7 (size before relaxing)
 .debug_str     0x000b56a2     0x1847 ./utilities/fsl_debug_console.o
                              0xb7172 (size before relaxing)
 .debug_str     0x000b6ee9     0x107f ./utilities/fsl_str.o
                              0xb5f49 (size before relaxing)
 .debug_str     0x000b7f68      0x696 ./startup/startup_lpc55s69_cm33_core1.o
                               0x35c9 (size before relaxing)
 .debug_str     0x000b85fe     0x661f ./source/main_core1.o
                              0xbbdf9 (size before relaxing)
 .debug_str     0x000bec1d       0x1f ./source/semihost_hardfault.o
                               0x2ef0 (size before relaxing)
 .debug_str     0x000bec3c       0x2c ./lcd/fonts/fixed12.o
                               0x3c99 (size before relaxing)
 .debug_str     0x000bec68      0x393 ./lcd/lcd.o
                              0xb5e01 (size before relaxing)
 .debug_str     0x000beffb      0x65b ./lcd/lcd_dpy.o
                              0xb6609 (size before relaxing)
 .debug_str     0x000bf656     0x1e82 ./lcd/lcd_private.o
                              0xb7c36 (size before relaxing)
 .debug_str     0x000c14d8      0xda8 ./lcd/lcd_ts.o
                              0xb6170 (size before relaxing)
 .debug_str     0x000c2280     0x1738 ./drivers/fsl_clock.o
                              0xb9b9b (size before relaxing)
 .debug_str     0x000c39b8      0xd13 ./drivers/fsl_ctimer.o
                              0xb773d (size before relaxing)
 .debug_str     0x000c46cb      0x233 ./drivers/fsl_flexcomm.o
                              0xb7212 (size before relaxing)
 .debug_str     0x000c48fe       0x83 ./drivers/fsl_gpio.o
                              0xb6ba9 (size before relaxing)
 .debug_str     0x000c4981       0x98 ./drivers/fsl_reset.o
                              0xb5ad5 (size before relaxing)
 .debug_str     0x000c4a19      0xd26 ./drivers/fsl_usart.o
                              0xb6c2d (size before relaxing)
 .debug_str     0x000c573f      0x124 ./device/system_LPC55S69_cm33_core1.o
                              0xafa84 (size before relaxing)
 .debug_str     0x000c5863      0x318 ./component/uart/fsl_adapter_usart.o
                              0xb6395 (size before relaxing)
 .debug_str     0x000c5b7b      0x500 ./component/serial_manager/fsl_component_serial_manager.o
                              0xb6b1f (size before relaxing)
 .debug_str     0x000c607b       0x92 ./component/serial_manager/fsl_component_serial_port_uart.o
                              0xb5c27 (size before relaxing)
 .debug_str     0x000c610d      0x1ae c:/nxp/mcuxpressoide_11.9.0_2144/ide/plugins/com.nxp.mcuxpresso.tools.win32_11.9.0.202307121226/tools/bin/../lib/gcc/arm-none-eabi/12.3.1/../../../../arm-none-eabi/lib/thumb/v8-m.main/nofp\libcr_newlib_nohost.a(_cr_sbrk.o)
                                0x252 (size before relaxing)
 .debug_str     0x000c62bb       0x25 c:/nxp/mcuxpressoide_11.9.0_2144/ide/plugins/com.nxp.mcuxpresso.tools.win32_11.9.0.202307121226/tools/bin/../lib/gcc/arm-none-eabi/12.3.1/../../../../arm-none-eabi/lib/thumb/v8-m.main/nofp\libcr_newlib_nohost.a(_cr_check_heap.o)
                                0x19d (size before relaxing)

.comment        0x00000000       0x45
 .comment       0x00000000       0x45 ./utilities/fsl_assert.o
                                 0x46 (size before relaxing)
 .comment       0x00000045       0x46 ./utilities/fsl_debug_console.o
 .comment       0x00000045       0x46 ./utilities/fsl_str.o
 .comment       0x00000045       0x46 ./startup/startup_lpc55s69_cm33_core1.o
 .comment       0x00000045       0x46 ./source/main_core1.o
 .comment       0x00000045       0x46 ./source/semihost_hardfault.o
 .comment       0x00000045       0x46 ./lcd/fonts/fixed12.o
 .comment       0x00000045       0x46 ./lcd/lcd.o
 .comment       0x00000045       0x46 ./lcd/lcd_dpy.o
 .comment       0x00000045       0x46 ./lcd/lcd_private.o
 .comment       0x00000045       0x46 ./lcd/lcd_ts.o
 .comment       0x00000045       0x46 ./drivers/fsl_clock.o
 .comment       0x00000045       0x46 ./drivers/fsl_ctimer.o
 .comment       0x00000045       0x46 ./drivers/fsl_flexcomm.o
 .comment       0x00000045       0x46 ./drivers/fsl_gpio.o
 .comment       0x00000045       0x46 ./drivers/fsl_reset.o
 .comment       0x00000045       0x46 ./drivers/fsl_usart.o
 .comment       0x00000045       0x46 ./device/system_LPC55S69_cm33_core1.o
 .comment       0x00000045       0x46 ./component/uart/fsl_adapter_usart.o
 .comment       0x00000045       0x46 ./component/serial_manager/fsl_component_serial_manager.o
 .comment       0x00000045       0x46 ./component/serial_manager/fsl_component_serial_port_uart.o
 .comment       0x00000045       0x46 c:/nxp/mcuxpressoide_11.9.0_2144/ide/plugins/com.nxp.mcuxpresso.tools.win32_11.9.0.202307121226/tools/bin/../lib/gcc/arm-none-eabi/12.3.1/../../../../arm-none-eabi/lib/thumb/v8-m.main/nofp\libcr_newlib_nohost.a(_cr_sbrk.o)
 .comment       0x00000045       0x46 c:/nxp/mcuxpressoide_11.9.0_2144/ide/plugins/com.nxp.mcuxpresso.tools.win32_11.9.0.202307121226/tools/bin/../lib/gcc/arm-none-eabi/12.3.1/../../../../arm-none-eabi/lib/thumb/v8-m.main/nofp\libcr_newlib_nohost.a(_cr_check_heap.o)

.ARM.attributes
                0x00000000       0x30
 .ARM.attributes
                0x00000000       0x32 ./utilities/fsl_assert.o
 .ARM.attributes
                0x00000032       0x32 ./utilities/fsl_debug_console.o
 .ARM.attributes
                0x00000064       0x32 ./utilities/fsl_str.o
 .ARM.attributes
                0x00000096       0x32 ./startup/startup_lpc55s69_cm33_core1.o
 .ARM.attributes
                0x000000c8       0x32 ./source/main_core1.o
 .ARM.attributes
                0x000000fa       0x32 ./source/semihost_hardfault.o
 .ARM.attributes
                0x0000012c       0x32 ./lcd/fonts/fixed12.o
 .ARM.attributes
                0x0000015e       0x32 ./lcd/lcd.o
 .ARM.attributes
                0x00000190       0x32 ./lcd/lcd_dpy.o
 .ARM.attributes
                0x000001c2       0x32 ./lcd/lcd_private.o
 .ARM.attributes
                0x000001f4       0x32 ./lcd/lcd_ts.o
 .ARM.attributes
                0x00000226       0x32 ./drivers/fsl_clock.o
 .ARM.attributes
                0x00000258       0x32 ./drivers/fsl_ctimer.o
 .ARM.attributes
                0x0000028a       0x32 ./drivers/fsl_flexcomm.o
 .ARM.attributes
                0x000002bc       0x32 ./drivers/fsl_gpio.o
 .ARM.attributes
                0x000002ee       0x32 ./drivers/fsl_reset.o
 .ARM.attributes
                0x00000320       0x32 ./drivers/fsl_usart.o
 .ARM.attributes
                0x00000352       0x32 ./device/system_LPC55S69_cm33_core1.o
 .ARM.attributes
                0x00000384       0x32 ./component/uart/fsl_adapter_usart.o
 .ARM.attributes
                0x000003b6       0x32 ./component/serial_manager/fsl_component_serial_manager.o
 .ARM.attributes
                0x000003e8       0x32 ./component/serial_manager/fsl_component_serial_port_uart.o
 .ARM.attributes
                0x0000041a       0x22 c:/nxp/mcuxpressoide_11.9.0_2144/ide/plugins/com.nxp.mcuxpresso.tools.win32_11.9.0.202307121226/tools/bin/../lib/gcc/arm-none-eabi/12.3.1/thumb/v8-m.main/nofp\libgcc.a(_aeabi_uldivmod.o)
 .ARM.attributes
                0x0000043c       0x32 c:/nxp/mcuxpressoide_11.9.0_2144/ide/plugins/com.nxp.mcuxpresso.tools.win32_11.9.0.202307121226/tools/bin/../lib/gcc/arm-none-eabi/12.3.1/thumb/v8-m.main/nofp\libgcc.a(_udivmoddi4.o)
 .ARM.attributes
                0x0000046e       0x22 c:/nxp/mcuxpressoide_11.9.0_2144/ide/plugins/com.nxp.mcuxpresso.tools.win32_11.9.0.202307121226/tools/bin/../lib/gcc/arm-none-eabi/12.3.1/thumb/v8-m.main/nofp\libgcc.a(_dvmd_tls.o)
 .ARM.attributes
                0x00000490       0x32 c:/nxp/mcuxpressoide_11.9.0_2144/ide/plugins/com.nxp.mcuxpresso.tools.win32_11.9.0.202307121226/tools/bin/../lib/gcc/arm-none-eabi/12.3.1/thumb/v8-m.main/nofp\libc.a(libc_a-malloc.o)
 .ARM.attributes
                0x000004c2       0x32 c:/nxp/mcuxpressoide_11.9.0_2144/ide/plugins/com.nxp.mcuxpresso.tools.win32_11.9.0.202307121226/tools/bin/../lib/gcc/arm-none-eabi/12.3.1/thumb/v8-m.main/nofp\libc.a(libc_a-mallocr.o)
 .ARM.attributes
                0x000004f4       0x32 c:/nxp/mcuxpressoide_11.9.0_2144/ide/plugins/com.nxp.mcuxpresso.tools.win32_11.9.0.202307121226/tools/bin/../lib/gcc/arm-none-eabi/12.3.1/thumb/v8-m.main/nofp\libc.a(libc_a-mlock.o)
 .ARM.attributes
                0x00000526       0x32 c:/nxp/mcuxpressoide_11.9.0_2144/ide/plugins/com.nxp.mcuxpresso.tools.win32_11.9.0.202307121226/tools/bin/../lib/gcc/arm-none-eabi/12.3.1/thumb/v8-m.main/nofp\libc.a(libc_a-memset.o)
 .ARM.attributes
                0x00000558       0x32 c:/nxp/mcuxpressoide_11.9.0_2144/ide/plugins/com.nxp.mcuxpresso.tools.win32_11.9.0.202307121226/tools/bin/../lib/gcc/arm-none-eabi/12.3.1/thumb/v8-m.main/nofp\libc.a(libc_a-impure.o)
 .ARM.attributes
                0x0000058a       0x32 c:/nxp/mcuxpressoide_11.9.0_2144/ide/plugins/com.nxp.mcuxpresso.tools.win32_11.9.0.202307121226/tools/bin/../lib/gcc/arm-none-eabi/12.3.1/thumb/v8-m.main/nofp\libc.a(libc_a-sbrkr.o)
 .ARM.attributes
                0x000005bc       0x32 c:/nxp/mcuxpressoide_11.9.0_2144/ide/plugins/com.nxp.mcuxpresso.tools.win32_11.9.0.202307121226/tools/bin/../lib/gcc/arm-none-eabi/12.3.1/thumb/v8-m.main/nofp\libc.a(libc_a-errno.o)
 .ARM.attributes
                0x000005ee       0x32 c:/nxp/mcuxpressoide_11.9.0_2144/ide/plugins/com.nxp.mcuxpresso.tools.win32_11.9.0.202307121226/tools/bin/../lib/gcc/arm-none-eabi/12.3.1/thumb/v8-m.main/nofp\libc.a(libc_a-lock.o)
 .ARM.attributes
                0x00000620       0x32 c:/nxp/mcuxpressoide_11.9.0_2144/ide/plugins/com.nxp.mcuxpresso.tools.win32_11.9.0.202307121226/tools/bin/../lib/gcc/arm-none-eabi/12.3.1/thumb/v8-m.main/nofp\libc.a(libc_a-sysconf.o)
 .ARM.attributes
                0x00000652       0x20 c:/nxp/mcuxpressoide_11.9.0_2144/ide/plugins/com.nxp.mcuxpresso.tools.win32_11.9.0.202307121226/tools/bin/../lib/gcc/arm-none-eabi/12.3.1/thumb/v8-m.main/nofp\libc.a(libc_a-memcpy.o)
 .ARM.attributes
                0x00000672       0x32 c:/nxp/mcuxpressoide_11.9.0_2144/ide/plugins/com.nxp.mcuxpresso.tools.win32_11.9.0.202307121226/tools/bin/../lib/gcc/arm-none-eabi/12.3.1/thumb/v8-m.main/nofp\libc.a(libc_a-strlen-stub.o)
 .ARM.attributes
                0x000006a4       0x32 c:/nxp/mcuxpressoide_11.9.0_2144/ide/plugins/com.nxp.mcuxpresso.tools.win32_11.9.0.202307121226/tools/bin/../lib/gcc/arm-none-eabi/12.3.1/thumb/v8-m.main/nofp\libc.a(libc_a-freer.o)
 .ARM.attributes
                0x000006d6       0x32 c:/nxp/mcuxpressoide_11.9.0_2144/ide/plugins/com.nxp.mcuxpresso.tools.win32_11.9.0.202307121226/tools/bin/../lib/gcc/arm-none-eabi/12.3.1/thumb/v8-m.main/nofp\libc.a(libc_a-findfp.o)
 .ARM.attributes
                0x00000708       0x32 c:/nxp/mcuxpressoide_11.9.0_2144/ide/plugins/com.nxp.mcuxpresso.tools.win32_11.9.0.202307121226/tools/bin/../lib/gcc/arm-none-eabi/12.3.1/thumb/v8-m.main/nofp\libc.a(libc_a-reent.o)
 .ARM.attributes
                0x0000073a       0x32 c:/nxp/mcuxpressoide_11.9.0_2144/ide/plugins/com.nxp.mcuxpresso.tools.win32_11.9.0.202307121226/tools/bin/../lib/gcc/arm-none-eabi/12.3.1/../../../../arm-none-eabi/lib/thumb/v8-m.main/nofp\libcr_newlib_nohost.a(_cr_sbrk.o)
 .ARM.attributes
                0x0000076c       0x32 c:/nxp/mcuxpressoide_11.9.0_2144/ide/plugins/com.nxp.mcuxpresso.tools.win32_11.9.0.202307121226/tools/bin/../lib/gcc/arm-none-eabi/12.3.1/../../../../arm-none-eabi/lib/thumb/v8-m.main/nofp\libcr_newlib_nohost.a(_cr_check_heap.o)

.debug_frame    0x00000000     0x372c
 .debug_frame   0x00000000       0x58 ./utilities/fsl_assert.o
 .debug_frame   0x00000058      0x2d4 ./utilities/fsl_debug_console.o
 .debug_frame   0x0000032c      0x414 ./utilities/fsl_str.o
 .debug_frame   0x00000740      0x69c ./startup/startup_lpc55s69_cm33_core1.o
 .debug_frame   0x00000ddc      0x13c ./source/main_core1.o
 .debug_frame   0x00000f18       0x20 ./source/semihost_hardfault.o
 .debug_frame   0x00000f38       0x78 ./lcd/lcd.o
 .debug_frame   0x00000fb0      0x480 ./lcd/lcd_dpy.o
 .debug_frame   0x00001430      0x18c ./lcd/lcd_private.o
 .debug_frame   0x000015bc      0x160 ./lcd/lcd_ts.o
 .debug_frame   0x0000171c      0x9ac ./drivers/fsl_clock.o
 .debug_frame   0x000020c8      0x38c ./drivers/fsl_ctimer.o
 .debug_frame   0x00002454      0x234 ./drivers/fsl_flexcomm.o
 .debug_frame   0x00002688       0xa4 ./drivers/fsl_gpio.o
 .debug_frame   0x0000272c       0x7c ./drivers/fsl_reset.o
 .debug_frame   0x000027a8      0x41c ./drivers/fsl_usart.o
 .debug_frame   0x00002bc4      0x20c ./device/system_LPC55S69_cm33_core1.o
 .debug_frame   0x00002dd0      0x138 ./component/uart/fsl_adapter_usart.o
 .debug_frame   0x00002f08      0x280 ./component/serial_manager/fsl_component_serial_manager.o
 .debug_frame   0x00003188       0xe8 ./component/serial_manager/fsl_component_serial_port_uart.o
 .debug_frame   0x00003270       0x2c c:/nxp/mcuxpressoide_11.9.0_2144/ide/plugins/com.nxp.mcuxpresso.tools.win32_11.9.0.202307121226/tools/bin/../lib/gcc/arm-none-eabi/12.3.1/thumb/v8-m.main/nofp\libgcc.a(_aeabi_uldivmod.o)
 .debug_frame   0x0000329c       0x38 c:/nxp/mcuxpressoide_11.9.0_2144/ide/plugins/com.nxp.mcuxpresso.tools.win32_11.9.0.202307121226/tools/bin/../lib/gcc/arm-none-eabi/12.3.1/thumb/v8-m.main/nofp\libgcc.a(_udivmoddi4.o)
 .debug_frame   0x000032d4       0x30 c:/nxp/mcuxpressoide_11.9.0_2144/ide/plugins/com.nxp.mcuxpresso.tools.win32_11.9.0.202307121226/tools/bin/../lib/gcc/arm-none-eabi/12.3.1/thumb/v8-m.main/nofp\libc.a(libc_a-malloc.o)