C:\Users\omara\Documents\MCUXpressoIDE_11.9.0_2144\workspace\lpc55s69_calc_starter_slave\CMSIS/core_cm33.h:2378:22:__NVIC_EnableIRQ	16	static
C:\Users\omara\Documents\MCUXpressoIDE_11.9.0_2144\workspace\lpc55s69_calc_starter_slave\CMSIS/core_cm33.h:2575:22:__NVIC_SetPriority	16	static
../source/main_core1.c:77:6:mb_init	8	static
../source/main_core1.c:86:10:mb_pop_evt	16	static
../source/main_core1.c:94:6:mb_push_evt	16	static
../source/main_core1.c:116:6:next_event	24	static
../source/main_core1.c:125:6:MAILBOX_IRQHandler	16	static
../source/main_core1.c:142:5:main	136	static
