C:\Users\omara\Documents\MCUXpressoIDE_11.9.0_2144\workspace\lpc55s69_calc_starter_slave\drivers/fsl_gpio.h:153:20:GPIO_PinWrite	24	static
../lcd/lcd_dpy.c:17:6:lcd_set_window	32	static
../lcd/lcd_dpy.c:45:6:lcd_clear_screen	24	static
../lcd/lcd_dpy.c:54:6:lcd_draw_point	16	static
../lcd/lcd_dpy.c:77:6:lcd_set_display_orientation	16	static
../lcd/lcd_dpy.c:109:10:lcd_get_display_width	4	static
../lcd/lcd_dpy.c:114:10:lcd_get_display_height	4	static
../lcd/lcd_dpy.c:123:6:lcd_get_default_DC	24	static
../lcd/lcd_dpy.c:128:13:lcd_set_font	24	static
../lcd/lcd_dpy.c:136:7:lcd_set_foreground	24	static
../lcd/lcd_dpy.c:143:7:lcd_set_background	24	static
../lcd/lcd_dpy.c:150:10:lcd_set_alignment	24	static
../lcd/lcd_dpy.c:157:10:lcd_set_direction	24	static
../lcd/lcd_dpy.c:169:6:lcd_fill_rect	24	static
../lcd/lcd_dpy.c:181:6:lcd_draw_rect	24	static
../lcd/lcd_dpy.c:218:6:lcd_draw_line	104	static
../lcd/lcd_dpy.c:465:6:lcd_clip	24	static
../lcd/lcd_dpy.c:475:6:lcd_unclip	4	static
../lcd/lcd_dpy.c:481:12:rgn_code	24	static
../lcd/lcd_dpy.c:504:6:lcd_line	64	static
../lcd/lcd_dpy.c:574:6:lcd_draw_segments	48	static
../lcd/lcd_dpy.c:592:6:lcd_draw_ellipse	208	static
../lcd/lcd_dpy.c:1048:13:lcdDrawCircleHelper	40	static
../lcd/lcd_dpy.c:1096:6:lcd_draw_round_rect	32	static
../lcd/lcd_dpy.c:1121:6:lcd_draw_circle	40	static
../lcd/lcd_dpy.c:1327:17:lcd_draw_raw_char	88	dynamic
../lcd/lcd_dpy.c:1368:6:lcd_draw_string	32	static
../lcd/lcd_dpy.c:1470:6:lcd_get_string_size	24	static
../lcd/lcd_dpy.c:1493:6:lcd_dpy_init	128	static
